Component: ARM Compiler 5.06 update 7 (build 960) Tool: armlink [4d3601]

==============================================================================

Section Cross References

    startup_stm32f103xb.o(RESET) refers to startup_stm32f103xb.o(STACK) for __initial_sp
    startup_stm32f103xb.o(RESET) refers to startup_stm32f103xb.o(.text) for Reset_Handler
    startup_stm32f103xb.o(RESET) refers to stm32f1xx_it.o(i.NMI_Handler) for NMI_Handler
    startup_stm32f103xb.o(RESET) refers to stm32f1xx_it.o(i.HardFault_Handler) for HardFault_Handler
    startup_stm32f103xb.o(RESET) refers to stm32f1xx_it.o(i.MemManage_Handler) for MemManage_Handler
    startup_stm32f103xb.o(RESET) refers to stm32f1xx_it.o(i.BusFault_Handler) for BusFault_Handler
    startup_stm32f103xb.o(RESET) refers to stm32f1xx_it.o(i.UsageFault_Handler) for UsageFault_Handler
    startup_stm32f103xb.o(RESET) refers to port.o(.emb_text) for SVC_Handler
    startup_stm32f103xb.o(RESET) refers to stm32f1xx_it.o(i.DebugMon_Handler) for DebugMon_Handler
    startup_stm32f103xb.o(RESET) refers to port.o(i.SysTick_Handler) for SysTick_Handler
    startup_stm32f103xb.o(RESET) refers to stm32f1xx_it.o(i.TIM4_IRQHandler) for TIM4_IRQHandler
    startup_stm32f103xb.o(RESET) refers to stm32f1xx_it.o(i.USART1_IRQHandler) for USART1_IRQHandler
    startup_stm32f103xb.o(.text) refers to system_stm32f1xx.o(i.SystemInit) for SystemInit
    startup_stm32f103xb.o(.text) refers to entry.o(.ARM.Collect$$$$00000000) for __main
    main.o(i.HAL_TIM_PeriodElapsedCallback) refers to stm32f1xx_hal.o(i.HAL_IncTick) for HAL_IncTick
    main.o(i.SystemClock_Config) refers to memseta.o(.text) for __aeabi_memclr4
    main.o(i.SystemClock_Config) refers to stm32f1xx_hal_rcc.o(i.HAL_RCC_OscConfig) for HAL_RCC_OscConfig
    main.o(i.SystemClock_Config) refers to main.o(i.Error_Handler) for Error_Handler
    main.o(i.SystemClock_Config) refers to stm32f1xx_hal_rcc.o(i.HAL_RCC_ClockConfig) for HAL_RCC_ClockConfig
    main.o(i.SystemClock_Config) refers to stm32f1xx_hal_rcc_ex.o(i.HAL_RCCEx_PeriphCLKConfig) for HAL_RCCEx_PeriphCLKConfig
    main.o(i.main) refers to stm32f1xx_hal.o(i.HAL_Init) for HAL_Init
    main.o(i.main) refers to main.o(i.SystemClock_Config) for SystemClock_Config
    main.o(i.main) refers to gpio.o(i.MX_GPIO_Init) for MX_GPIO_Init
    main.o(i.main) refers to adc.o(i.MX_ADC1_Init) for MX_ADC1_Init
    main.o(i.main) refers to usart.o(i.MX_USART1_UART_Init) for MX_USART1_UART_Init
    main.o(i.main) refers to cmsis_os2.o(i.osKernelInitialize) for osKernelInitialize
    main.o(i.main) refers to freertos.o(i.MX_FREERTOS_Init) for MX_FREERTOS_Init
    main.o(i.main) refers to cmsis_os2.o(i.osKernelStart) for osKernelStart
    gpio.o(i.MX_GPIO_Init) refers to stm32f1xx_hal_gpio.o(i.HAL_GPIO_WritePin) for HAL_GPIO_WritePin
    gpio.o(i.MX_GPIO_Init) refers to stm32f1xx_hal_gpio.o(i.HAL_GPIO_Init) for HAL_GPIO_Init
    freertos.o(i.MX_FREERTOS_Init) refers to cmsis_os2.o(i.osThreadNew) for osThreadNew
    freertos.o(i.MX_FREERTOS_Init) refers to freertos.o(.constdata) for Task01_attributes
    freertos.o(i.MX_FREERTOS_Init) refers to freertos.o(i.StartTask01) for StartTask01
    freertos.o(i.MX_FREERTOS_Init) refers to freertos.o(.data) for Task01Handle
    freertos.o(i.MX_FREERTOS_Init) refers to freertos.o(i.StartTask02) for StartTask02
    freertos.o(i.MX_FREERTOS_Init) refers to freertos.o(i.StartTask03) for StartTask03
    freertos.o(i.MX_FREERTOS_Init) refers to freertos.o(i.StartTask04) for StartTask04
    freertos.o(i.StartTask01) refers to task01.o(i.Task01Main) for Task01Main
    freertos.o(i.StartTask01) refers to cmsis_os2.o(i.osDelay) for osDelay
    freertos.o(i.StartTask02) refers to task02.o(i.Task02Main) for Task02Main
    freertos.o(i.StartTask02) refers to cmsis_os2.o(i.osDelay) for osDelay
    freertos.o(i.StartTask03) refers to task03.o(i.Task03Main) for Task03Main
    freertos.o(i.StartTask03) refers to cmsis_os2.o(i.osDelay) for osDelay
    freertos.o(i.StartTask04) refers to task04.o(i.Task04Main) for Task04Main
    freertos.o(i.StartTask04) refers to cmsis_os2.o(i.osDelay) for osDelay
    freertos.o(.constdata) refers to freertos.o(.conststring) for .conststring
    adc.o(i.HAL_ADC_MspDeInit) refers to stm32f1xx_hal_gpio.o(i.HAL_GPIO_DeInit) for HAL_GPIO_DeInit
    adc.o(i.HAL_ADC_MspInit) refers to stm32f1xx_hal_gpio.o(i.HAL_GPIO_Init) for HAL_GPIO_Init
    adc.o(i.MX_ADC1_Init) refers to stm32f1xx_hal_adc.o(i.HAL_ADC_Init) for HAL_ADC_Init
    adc.o(i.MX_ADC1_Init) refers to main.o(i.Error_Handler) for Error_Handler
    adc.o(i.MX_ADC1_Init) refers to adc.o(.bss) for hadc1
    usart.o(i.HAL_UART_MspDeInit) refers to stm32f1xx_hal_gpio.o(i.HAL_GPIO_DeInit) for HAL_GPIO_DeInit
    usart.o(i.HAL_UART_MspDeInit) refers to stm32f1xx_hal_cortex.o(i.HAL_NVIC_DisableIRQ) for HAL_NVIC_DisableIRQ
    usart.o(i.HAL_UART_MspInit) refers to stm32f1xx_hal_gpio.o(i.HAL_GPIO_Init) for HAL_GPIO_Init
[...]
    i.HAL_RCCEx_PeriphCLKConfig              0x080017a4   Section        0  stm32f1xx_hal_rcc_ex.o(i.HAL_RCCEx_PeriphCLKConfig)
    i.HAL_RCC_ClockConfig                    0x080018d4   Section        0  stm32f1xx_hal_rcc.o(i.HAL_RCC_ClockConfig)
    i.HAL_RCC_GetClockConfig                 0x08001a60   Section        0  stm32f1xx_hal_rcc.o(i.HAL_RCC_GetClockConfig)
    i.HAL_RCC_GetHCLKFreq                    0x08001aa4   Section        0  stm32f1xx_hal_rcc.o(i.HAL_RCC_GetHCLKFreq)
    i.HAL_RCC_GetPCLK1Freq                   0x08001ab0   Section        0  stm32f1xx_hal_rcc.o(i.HAL_RCC_GetPCLK1Freq)
    i.HAL_RCC_GetPCLK2Freq                   0x08001ad0   Section        0  stm32f1xx_hal_rcc.o(i.HAL_RCC_GetPCLK2Freq)
    i.HAL_RCC_GetSysClockFreq                0x08001af0   Section        0  stm32f1xx_hal_rcc.o(i.HAL_RCC_GetSysClockFreq)
    i.HAL_RCC_OscConfig                      0x08001b84   Section        0  stm32f1xx_hal_rcc.o(i.HAL_RCC_OscConfig)
    i.HAL_TIMEx_BreakCallback                0x08001fe8   Section        0  stm32f1xx_hal_tim_ex.o(i.HAL_TIMEx_BreakCallback)
    i.HAL_TIMEx_CommutCallback               0x08001fea   Section        0  stm32f1xx_hal_tim_ex.o(i.HAL_TIMEx_CommutCallback)
    i.HAL_TIM_Base_Init                      0x08001fec   Section        0  stm32f1xx_hal_tim.o(i.HAL_TIM_Base_Init)
    i.HAL_TIM_Base_MspInit                   0x08002052   Section        0  stm32f1xx_hal_tim.o(i.HAL_TIM_Base_MspInit)
    i.HAL_TIM_Base_Start_IT                  0x08002054   Section        0  stm32f1xx_hal_tim.o(i.HAL_TIM_Base_Start_IT)
    i.HAL_TIM_IC_CaptureCallback             0x080020cc   Section        0  stm32f1xx_hal_tim.o(i.HAL_TIM_IC_CaptureCallback)
    i.HAL_TIM_IRQHandler                     0x080020ce   Section        0  stm32f1xx_hal_tim.o(i.HAL_TIM_IRQHandler)
    i.HAL_TIM_OC_DelayElapsedCallback        0x08002264   Section        0  stm32f1xx_hal_tim.o(i.HAL_TIM_OC_DelayElapsedCallback)
    i.HAL_TIM_PWM_PulseFinishedCallback      0x08002266   Section        0  stm32f1xx_hal_tim.o(i.HAL_TIM_PWM_PulseFinishedCallback)
    i.HAL_TIM_PeriodElapsedCallback          0x08002268   Section        0  main.o(i.HAL_TIM_PeriodElapsedCallback)
    i.HAL_TIM_TriggerCallback                0x08002280   Section        0  stm32f1xx_hal_tim.o(i.HAL_TIM_TriggerCallback)
    i.HAL_UART_ErrorCallback                 0x08002282   Section        0  stm32f1xx_hal_uart.o(i.HAL_UART_ErrorCallback)
    i.HAL_UART_IRQHandler                    0x08002284   Section        0  stm32f1xx_hal_uart.o(i.HAL_UART_IRQHandler)
    i.HAL_UART_Init                          0x080023d8   Section        0  stm32f1xx_hal_uart.o(i.HAL_UART_Init)
    i.HAL_UART_MspInit                       0x0800244c   Section        0  usart.o(i.HAL_UART_MspInit)
    i.HAL_UART_RxCpltCallback                0x080024e4   Section        0  stm32f1xx_hal_uart.o(i.HAL_UART_RxCpltCallback)
    i.HAL_UART_Transmit                      0x080024e6   Section        0  stm32f1xx_hal_uart.o(i.HAL_UART_Transmit)
    i.HAL_UART_TxCpltCallback                0x080025b8   Section        0  stm32f1xx_hal_uart.o(i.HAL_UART_TxCpltCallback)
    i.HardFault_Handler                      0x080025ba   Section        0  stm32f1xx_it.o(i.HardFault_Handler)
    i.INT16ToCh                              0x080025be   Section        0  task04.o(i.INT16ToCh)
    i.LoadParam                              0x080025c8   Section        0  task04.o(i.LoadParam)
    i.MX_ADC1_Init                           0x080025fc   Section        0  adc.o(i.MX_ADC1_Init)
    i.MX_FREERTOS_Init                       0x08002634   Section        0  freertos.o(i.MX_FREERTOS_Init)
    i.MX_GPIO_Init                           0x080026a0   Section        0  gpio.o(i.MX_GPIO_Init)
    i.MX_USART1_UART_Init                    0x08002770   Section        0  usart.o(i.MX_USART1_UART_Init)
    i.MemManage_Handler                      0x080027a8   Section        0  stm32f1xx_it.o(i.MemManage_Handler)
    i.NMI_Handler                            0x080027ac   Section        0  stm32f1xx_it.o(i.NMI_Handler)
    i.OutputEN                               0x080027b0   Section        0  task01.o(i.OutputEN)
    i.PowerEN                                0x080027de   Section        0  task01.o(i.PowerEN)
    i.RCC_Delay                              0x0800280c   Section        0  stm32f1xx_hal_rcc.o(i.RCC_Delay)
    RCC_Delay                                0x0800280d   Thumb Code    36  stm32f1xx_hal_rcc.o(i.RCC_Delay)
    i.ReadBufFromFlash                       0x08002834   Section        0  task04.o(i.ReadBufFromFlash)
    i.RecToBuf                               0x08002864   Section        0  task02.o(i.RecToBuf)
    i.RxDataAnalyze                          0x080028f4   Section        0  task02.o(i.RxDataAnalyze)
    i.ST0_Wait_keyEvent                      0x08002a20   Section        0  task01.o(i.ST0_Wait_keyEvent)
    i.ST1_Run_JumpEvent                      0x08002a88   Section        0  task01.o(i.ST1_Run_JumpEvent)
    i.ST2_OC_JumpEvent                       0x08002bc4   Section        0  task01.o(i.ST2_OC_JumpEvent)
    i.ST3_STOP_JumpEvent                     0x08002c14   Section        0  task01.o(i.ST3_STOP_JumpEvent)
    i.StartTask01                            0x08002c64   Section        0  freertos.o(i.StartTask01)
    i.StartTask02                            0x08002c72   Section        0  freertos.o(i.StartTask02)
    i.StartTask03                            0x08002c80   Section        0  freertos.o(i.StartTask03)
    i.StartTask04                            0x08002c8e   Section        0  freertos.o(i.StartTask04)
    i.SysTick_Handler                        0x08002c9c   Section        0  port.o(i.SysTick_Handler)
    i.SystemClock_Config                     0x08002cd0   Section        0  main.o(i.SystemClock_Config)
    i.SystemInit                             0x08002d54   Section        0  system_stm32f1xx.o(i.SystemInit)
    i.TIM4_IRQHandler                        0x08002d58   Section        0  stm32f1xx_it.o(i.TIM4_IRQHandler)
    i.TIM_Base_SetConfig                     0x08002d68   Section        0  stm32f1xx_hal_tim.o(i.TIM_Base_SetConfig)
    i.Task01Main                             0x08002ddc   Section        0  task01.o(i.Task01Main)
    i.Task02Main                             0x08002e14   Section        0  task02.o(i.Task02Main)
    i.Task03Main                             0x08002e54   Section        0  task03.o(i.Task03Main)
    i.Task04Main                             0x08002e6c   Section        0  task04.o(i.Task04Main)
    i.UART_DMAAbortOnError                   0x08002e7e   Section        0  stm32f1xx_hal_uart.o(i.UART_DMAAbortOnError)
    UART_DMAAbortOnError                     0x08002e7f   Thumb Code    20  stm32f1xx_hal_uart.o(i.UART_DMAAbortOnError)
    i.UART_EndRxTransfer                     0x08002e92   Section        0  stm32f1xx_hal_uart.o(i.UART_EndRxTransfer)
    UART_EndRxTransfer                       0x08002e93   Thumb Code    32  stm32f1xx_hal_uart.o(i.UART_EndRxTransfer)
    i.UART_EndTransmit_IT                    0x08002eb2   Section        0  stm32f1xx_hal_uart.o(i.UART_EndTransmit_IT)
    UART_EndTransmit_IT                      0x08002eb3   Thumb Code    32  stm32f1xx_hal_uart.o(i.UART_EndTransmit_IT)
    i.UART_Receive_IT                        0x08002ed2   Section        0  stm32f1xx_hal_uart.o(i.UART_Receive_IT)
    UART_Receive_IT                          0x08002ed3   Thumb Code   160  stm32f1xx_hal_uart.o(i.UART_Receive_IT)
    i.UART_SetConfig                         0x08002f74   Section        0  stm32f1xx_hal_uart.o(i.UART_SetConfig)
    UART_SetConfig                           0x08002f75   Thumb Code   248  stm32f1xx_hal_uart.o(i.UART_SetConfig)
    i.UART_Transmit_IT                       0x08003070   Section        0  stm32f1xx_hal_uart.o(i.UART_Transmit_IT)
    UART_Transmit_IT                         0x08003071   Thumb Code    96  stm32f1xx_hal_uart.o(i.UART_Transmit_IT)
    i.UART_WaitOnFlagUntilTimeout            0x080030d0   Section        0  stm32f1xx_hal_uart.o(i.UART_WaitOnFlagUntilTimeout)
    UART_WaitOnFlagUntilTimeout              0x080030d1   Thumb Code   108  stm32f1xx_hal_uart.o(i.UART_WaitOnFlagUntilTimeout)
    i.USART1_IRQHandler                      0x0800313c   Section        0  stm32f1xx_it.o(i.USART1_IRQHandler)
    i.UsageFault_Handler                     0x08003150   Section        0  stm32f1xx_it.o(i.UsageFault_Handler)
    i.WriteBufToFlash                        0x08003154   Section        0  task04.o(i.WriteBufToFlash)
    i.__NVIC_GetPriorityGrouping             0x080031b0   Section        0  stm32f1xx_hal_cortex.o(i.__NVIC_GetPriorityGrouping)
    __NVIC_GetPriorityGrouping               0x080031b1   Thumb Code    10  stm32f1xx_hal_cortex.o(i.__NVIC_GetPriorityGrouping)
    i.__NVIC_SetPriority                     0x080031c0   Section        0  stm32f1xx_hal_cortex.o(i.__NVIC_SetPriority)
    __NVIC_SetPriority                       0x080031c1   Thumb Code    32  stm32f1xx_hal_cortex.o(i.__NVIC_SetPriority)
    i.__get_BASEPRI                          0x080031e8   Section        0  cmsis_os2.o(i.__get_BASEPRI)
    __get_BASEPRI                            0x080031e9   Thumb Code     6  cmsis_os2.o(i.__get_BASEPRI)
    i.__get_IPSR                             0x080031ee   Section        0  cmsis_os2.o(i.__get_IPSR)
    __get_IPSR                               0x080031ef   Thumb Code     6  cmsis_os2.o(i.__get_IPSR)
    i.__get_PRIMASK                          0x080031f4   Section        0  cmsis_os2.o(i.__get_PRIMASK)
    __get_PRIMASK                            0x080031f5   Thumb Code     6  cmsis_os2.o(i.__get_PRIMASK)
    i.__scatterload_copy                     0x080031fa   Section       14  handlers.o(i.__scatterload_copy)
    i.__scatterload_null                     0x08003208   Section        2  handlers.o(i.__scatterload_null)
    i.__scatterload_zeroinit                 0x0800320a   Section       14  handlers.o(i.__scatterload_zeroinit)
    i.beepCtrl                               0x08003218   Section        0  task02.o(i.beepCtrl)
    i.dwinChToInt32                          0x08003274   Section        0  dwin.o(i.dwinChToInt32)
    i.getADCtoCurrent                        0x08003290   Section        0  task01.o(i.getADCtoCurrent)
    i.getBackCheck                           0x0800336c   Section        0  task02.o(i.getBackCheck)
    i.getRunPress                            0x08003400   Section        0  task01.o(i.getRunPress)
    i.getStopPress                           0x08003410   Section        0  task01.o(i.getStopPress)
    i.getTimeVal                             0x08003420   Section        0  task03.o(i.getTimeVal)
    i.main                                   0x0800342c   Section        0  main.o(i.main)
    i.osDelay                                0x08003450   Section        0  cmsis_os2.o(i.osDelay)
    i.osKernelInitialize                     0x08003488   Section        0  cmsis_os2.o(i.osKernelInitialize)
    i.osKernelStart                          0x080034c8   Section        0  cmsis_os2.o(i.osKernelStart)
    i.osThreadNew                            0x0800350c   Section        0  cmsis_os2.o(i.osThreadNew)
    i.prvAddCurrentTaskToDelayedList         0x080035e8   Section        0  tasks.o(i.prvAddCurrentTaskToDelayedList)
    prvAddCurrentTaskToDelayedList           0x080035e9   Thumb Code   100  tasks.o(i.prvAddCurrentTaskToDelayedList)
    i.prvAddNewTaskToReadyList               0x08003664   Section        0  tasks.o(i.prvAddNewTaskToReadyList)
    prvAddNewTaskToReadyList                 0x08003665   Thumb Code   154  tasks.o(i.prvAddNewTaskToReadyList)
    i.prvCheckForValidListAndQueue           0x0800371c   Section        0  timers.o(i.prvCheckForValidListAndQueue)
    prvCheckForValidListAndQueue             0x0800371d   Thumb Code    78  timers.o(i.prvCheckForValidListAndQueue)
    i.prvCheckTasksWaitingTermination        0x08003790   Section        0  tasks.o(i.prvCheckTasksWaitingTermination)
    prvCheckTasksWaitingTermination          0x08003791   Thumb Code    60  tasks.o(i.prvCheckTasksWaitingTermination)
    i.prvCopyDataFromQueue                   0x080037d8   Section        0  queue.o(i.prvCopyDataFromQueue)
    prvCopyDataFromQueue                     0x080037d9   Thumb Code    42  queue.o(i.prvCopyDataFromQueue)
    i.prvCopyDataToQueue                     0x08003802   Section        0  queue.o(i.prvCopyDataToQueue)
    prvCopyDataToQueue                       0x08003803   Thumb Code   124  queue.o(i.prvCopyDataToQueue)
    i.prvDeleteTCB                           0x0800387e   Section        0  tasks.o(i.prvDeleteTCB)
    prvDeleteTCB                             0x0800387f   Thumb Code    80  tasks.o(i.prvDeleteTCB)
    i.prvGetNextExpireTime                   0x080038d0   Section        0  timers.o(i.prvGetNextExpireTime)
    prvGetNextExpireTime                     0x080038d1   Thumb Code    36  timers.o(i.prvGetNextExpireTime)
    i.prvHeapInit                            0x080038f8   Section        0  heap_4.o(i.prvHeapInit)
    prvHeapInit                              0x080038f9   Thumb Code    98  heap_4.o(i.prvHeapInit)
    i.prvIdleTask                            0x08003974   Section        0  tasks.o(i.prvIdleTask)
    prvIdleTask                              0x08003975   Thumb Code    32  tasks.o(i.prvIdleTask)
    i.prvInitialiseNewQueue                  0x0800399c   Section        0  queue.o(i.prvInitialiseNewQueue)
    prvInitialiseNewQueue                    0x0800399d   Thumb Code    42  queue.o(i.prvInitialiseNewQueue)
    i.prvInitialiseNewTask                   0x080039c6   Section        0  tasks.o(i.prvInitialiseNewTask)
    prvInitialiseNewTask                     0x080039c7   Thumb Code   180  tasks.o(i.prvInitialiseNewTask)
    i.prvInitialiseTaskLists                 0x08003a7c   Section        0  tasks.o(i.prvInitialiseTaskLists)
    prvInitialiseTaskLists                   0x08003a7d   Thumb Code    70  tasks.o(i.prvInitialiseTaskLists)
    i.prvInsertBlockIntoFreeList             0x08003ae4   Section        0  heap_4.o(i.prvInsertBlockIntoFreeList)
    prvInsertBlockIntoFreeList               0x08003ae5   Thumb Code    96  heap_4.o(i.prvInsertBlockIntoFreeList)
    i.prvInsertTimerInActiveList             0x08003b4c   Section        0  timers.o(i.prvInsertTimerInActiveList)
    prvInsertTimerInActiveList               0x08003b4d   Thumb Code    80  timers.o(i.prvInsertTimerInActiveList)
    i.prvIsQueueEmpty                        0x08003ba4   Section        0  queue.o(i.prvIsQueueEmpty)
    prvIsQueueEmpty                          0x08003ba5   Thumb Code    26  queue.o(i.prvIsQueueEmpty)
    i.prvIsQueueFull                         0x08003bbe   Section        0  queue.o(i.prvIsQueueFull)
    prvIsQueueFull                           0x08003bbf   Thumb Code    30  queue.o(i.prvIsQueueFull)
    i.prvProcessExpiredTimer                 0x08003bdc   Section        0  timers.o(i.prvProcessExpiredTimer)
    prvProcessExpiredTimer                   0x08003bdd   Thumb Code    94  timers.o(i.prvProcessExpiredTimer)
    i.prvProcessReceivedCommands             0x08003c40   Section        0  timers.o(i.prvProcessReceivedCommands)
    prvProcessReceivedCommands               0x08003c41   Thumb Code   290  timers.o(i.prvProcessReceivedCommands)
    i.prvProcessTimerOrBlockTask             0x08003d68   Section        0  timers.o(i.prvProcessTimerOrBlockTask)
    prvProcessTimerOrBlockTask               0x08003d69   Thumb Code   102  timers.o(i.prvProcessTimerOrBlockTask)
    i.prvResetNextTaskUnblockTime            0x08003ddc   Section        0  tasks.o(i.prvResetNextTaskUnblockTime)
    prvResetNextTaskUnblockTime              0x08003ddd   Thumb Code    42  tasks.o(i.prvResetNextTaskUnblockTime)
    i.prvSampleTimeNow                       0x08003e10   Section        0  timers.o(i.prvSampleTimeNow)
    prvSampleTimeNow                         0x08003e11   Thumb Code    40  timers.o(i.prvSampleTimeNow)
    i.prvSwitchTimerLists                    0x08003e3c   Section        0  timers.o(i.prvSwitchTimerLists)
    prvSwitchTimerLists                      0x08003e3d   Thumb Code   150  timers.o(i.prvSwitchTimerLists)
    i.prvTaskExitError                       0x08003edc   Section        0  port.o(i.prvTaskExitError)
    prvTaskExitError                         0x08003edd   Thumb Code    60  port.o(i.prvTaskExitError)
    i.prvTimerTask                           0x08003f1c   Section        0  timers.o(i.prvTimerTask)
    prvTimerTask                             0x08003f1d   Thumb Code    26  timers.o(i.prvTimerTask)
    i.prvUnlockQueue                         0x08003f36   Section        0  queue.o(i.prvUnlockQueue)
    prvUnlockQueue                           0x08003f37   Thumb Code   126  queue.o(i.prvUnlockQueue)
    i.putCfgDataScreen                       0x08003fb4   Section        0  task02.o(i.putCfgDataScreen)
    i.pvPortMalloc                           0x08004110   Section        0  heap_4.o(i.pvPortMalloc)
    i.pxPortInitialiseStack                  0x0800424c   Section        0  port.o(i.pxPortInitialiseStack)
    i.runLEDFlash                            0x08004270   Section        0  task03.o(i.runLEDFlash)
    i.runningStateMachine                    0x080042b8   Section        0  task01.o(i.runningStateMachine)
    i.setBeepState                           0x08004304   Section        0  task02.o(i.setBeepState)
    i.setOutputEnable                        0x08004310   Section        0  task01.o(i.setOutputEnable)
    i.setPowerEnable                         0x08004390   Section        0  task01.o(i.setPowerEnable)
    i.setTimeState                           0x08004410   Section        0  task03.o(i.setTimeState)
    i.setTimeVal                             0x0800441c   Section        0  task03.o(i.setTimeVal)
    i.timeRunner                             0x08004428   Section        0  task03.o(i.timeRunner)
    i.uxListRemove                           0x08004464   Section        0  list.o(i.uxListRemove)
    i.vApplicationGetIdleTaskMemory          0x0800448c   Section        0  cmsis_os2.o(i.vApplicationGetIdleTaskMemory)
    i.vApplicationGetTimerTaskMemory         0x080044a4   Section        0  cmsis_os2.o(i.vApplicationGetTimerTaskMemory)
    i.vListInitialise                        0x080044bc   Section        0  list.o(i.vListInitialise)
    i.vListInitialiseItem                    0x080044d6   Section        0  list.o(i.vListInitialiseItem)
    i.vListInsert                            0x080044dc   Section        0  list.o(i.vListInsert)
    i.vListInsertEnd                         0x08004510   Section        0  list.o(i.vListInsertEnd)
    i.vPortEnterCritical                     0x08004528   Section        0  port.o(i.vPortEnterCritical)
    i.vPortExitCritical                      0x0800457c   Section        0  port.o(i.vPortExitCritical)
    i.vPortFree                              0x080045b8   Section        0  heap_4.o(i.vPortFree)
    i.vPortSetupTimerInterrupt               0x0800464c   Section        0  port.o(i.vPortSetupTimerInterrupt)
    i.vPortValidateInterruptPriority         0x08004674   Section        0  port.o(i.vPortValidateInterruptPriority)
    i.vQueueAddToRegistry                    0x080046ec   Section        0  queue.o(i.vQueueAddToRegistry)
    i.vQueueWaitForMessageRestricted         0x08004718   Section        0  queue.o(i.vQueueWaitForMessageRestricted)
    i.vTaskDelay                             0x08004764   Section        0  tasks.o(i.vTaskDelay)
    i.vTaskInternalSetTimeOutState           0x080047c0   Section        0  tasks.o(i.vTaskInternalSetTimeOutState)
    i.vTaskMissedYield                       0x080047d8   Section        0  tasks.o(i.vTaskMissedYield)
    i.vTaskPlaceOnEventList                  0x080047e4   Section        0  tasks.o(i.vTaskPlaceOnEventList)
    i.vTaskPlaceOnEventListRestricted        0x0800481c   Section        0  tasks.o(i.vTaskPlaceOnEventListRestricted)
    i.vTaskStartScheduler                    0x0800485c   Section        0  tasks.o(i.vTaskStartScheduler)
    i.vTaskSuspendAll                        0x08004914   Section        0  tasks.o(i.vTaskSuspendAll)
    i.vTaskSwitchContext                     0x08004924   Section        0  tasks.o(i.vTaskSwitchContext)
    i.xPortStartScheduler                    0x080049b4   Section        0  port.o(i.xPortStartScheduler)
    i.xQueueGenericCreateStatic              0x08004aac   Section        0  queue.o(i.xQueueGenericCreateStatic)
    i.xQueueGenericReset                     0x08004b8c   Section        0  queue.o(i.xQueueGenericReset)
    i.xQueueGenericSend                      0x08004c24   Section        0  queue.o(i.xQueueGenericSend)
    i.xQueueGenericSendFromISR               0x08004dcc   Section        0  queue.o(i.xQueueGenericSendFromISR)
    i.xQueueReceive                          0x08004ec4   Section        0  queue.o(i.xQueueReceive)
    i.xTaskCheckForTimeOut                   0x0800502c   Section        0  tasks.o(i.xTaskCheckForTimeOut)
    i.xTaskCreate                            0x080050b8   Section        0  tasks.o(i.xTaskCreate)
    i.xTaskCreateStatic                      0x0800511c   Section        0  tasks.o(i.xTaskCreateStatic)
    i.xTaskGetSchedulerState                 0x080051d4   Section        0  tasks.o(i.xTaskGetSchedulerState)
    i.xTaskGetTickCount                      0x080051f4   Section        0  tasks.o(i.xTaskGetTickCount)
    i.xTaskIncrementTick                     0x08005200   Section        0  tasks.o(i.xTaskIncrementTick)
    i.xTaskPriorityDisinherit                0x08005344   Section        0  tasks.o(i.xTaskPriorityDisinherit)
    i.xTaskRemoveFromEventList               0x080053e8   Section        0  tasks.o(i.xTaskRemoveFromEventList)
    i.xTaskResumeAll                         0x08005480   Section        0  tasks.o(i.xTaskResumeAll)
    i.xTimerCreateTimerTask                  0x08005584   Section        0  timers.o(i.xTimerCreateTimerTask)
    i.xTimerGenericCommand                   0x080055fc   Section        0  timers.o(i.xTimerGenericCommand)
    .constdata                               0x08005680   Section      144  freertos.o(.constdata)
    .constdata                               0x08005710   Section      512  crc.o(.constdata)
    .constdata                               0x08005910   Section       24  system_stm32f1xx.o(.constdata)
    .conststring                             0x08005928   Section       31  freertos.o(.conststring)
    .data                                    0x20000000   Section       16  freertos.o(.data)
    .data                                    0x20000010   Section       12  task01.o(.data)
    .data                                    0x2000001c   Section        4  task02.o(.data)
    numhist                                  0x2000001e   Data           2  task02.o(.data)
    .data                                    0x20000020   Section       14  task03.o(.data)
    unsec                                    0x20000028   Data           4  task03.o(.data)
    div                                      0x2000002c   Data           2  task03.o(.data)
    .data                                    0x20000030   Section        9  stm32f1xx_hal.o(.data)
    .data                                    0x2000003c   Section        4  system_stm32f1xx.o(.data)
    .data                                    0x20000040   Section       60  tasks.o(.data)
    pxDelayedTaskList                        0x20000044   Data           4  tasks.o(.data)
    pxOverflowDelayedTaskList                0x20000048   Data           4  tasks.o(.data)
    uxDeletedTasksWaitingCleanUp             0x2000004c   Data           4  tasks.o(.data)
    uxCurrentNumberOfTasks                   0x20000050   Data           4  tasks.o(.data)
    xTickCount                               0x20000054   Data           4  tasks.o(.data)
    uxTopReadyPriority                       0x20000058   Data           4  tasks.o(.data)
    xSchedulerRunning                        0x2000005c   Data           4  tasks.o(.data)
    uxPendedTicks                            0x20000060   Data           4  tasks.o(.data)
    xYieldPending                            0x20000064   Data           4  tasks.o(.data)
    xNumOfOverflows                          0x20000068   Data           4  tasks.o(.data)
    uxTaskNumber                             0x2000006c   Data           4  tasks.o(.data)
    xNextTaskUnblockTime                     0x20000070   Data           4  tasks.o(.data)
    xIdleTaskHandle                          0x20000074   Data           4  tasks.o(.data)
    uxSchedulerSuspended                     0x20000078   Data           4  tasks.o(.data)
    .data                                    0x2000007c   Section       20  timers.o(.data)
    pxCurrentTimerList                       0x2000007c   Data           4  timers.o(.data)
    pxOverflowTimerList                      0x20000080   Data           4  timers.o(.data)
    xTimerQueue                              0x20000084   Data           4  timers.o(.data)
    xTimerTaskHandle                         0x20000088   Data           4  timers.o(.data)
    xLastTime                                0x2000008c   Data           4  timers.o(.data)
    .data                                    0x20000090   Section        4  cmsis_os2.o(.data)
    KernelState                              0x20000090   Data           4  cmsis_os2.o(.data)
    .data                                    0x20000094   Section       24  heap_4.o(.data)
    xStart                                   0x20000094   Data           8  heap_4.o(.data)
    pxEnd                                    0x2000009c   Data           4  heap_4.o(.data)
    xFreeBytesRemaining                      0x200000a0   Data           4  heap_4.o(.data)
    xMinimumEverFreeBytesRemaining           0x200000a4   Data           4  heap_4.o(.data)
    xBlockAllocatedBit                       0x200000a8   Data           4  heap_4.o(.data)
    .data                                    0x200000ac   Section       12  port.o(.data)
    uxCriticalNesting                        0x200000ac   Data           4  port.o(.data)
    ucMaxSysCallPriority                     0x200000b0   Data           1  port.o(.data)
    ulMaxPRIGROUPValue                       0x200000b4   Data           4  port.o(.data)
    .bss                                     0x200000b8   Section       48  adc.o(.bss)
    .bss                                     0x200000e8   Section       64  usart.o(.bss)
    .bss                                     0x20000128   Section       72  stm32f1xx_hal_timebase_tim.o(.bss)
    .bss                                     0x20000170   Section       10  task01.o(.bss)
    .bss                                     0x2000017a   Section      514  task02.o(.bss)
    .bss                                     0x2000037c   Section      120  task04.o(.bss)
    .bss                                     0x200003f8   Section       32  stm32f1xx_hal_flash.o(.bss)
    .bss                                     0x20000418   Section       64  queue.o(.bss)
    .bss                                     0x20000458   Section     1220  tasks.o(.bss)
    pxReadyTasksLists                        0x20000458   Data        1120  tasks.o(.bss)
    xDelayedTaskList1                        0x200008b8   Data          20  tasks.o(.bss)
    xDelayedTaskList2                        0x200008cc   Data          20  tasks.o(.bss)
    xPendingReadyList                        0x200008e0   Data          20  tasks.o(.bss)
    xTasksWaitingTermination                 0x200008f4   Data          20  tasks.o(.bss)
    xSuspendedTaskList                       0x20000908   Data          20  tasks.o(.bss)
    .bss                                     0x2000091c   Section      280  timers.o(.bss)
    xActiveTimerList1                        0x2000091c   Data          20  timers.o(.bss)
    xActiveTimerList2                        0x20000930   Data          20  timers.o(.bss)
    xStaticTimerQueue                        0x20000944   Data          80  timers.o(.bss)
    ucStaticTimerQueueStorage                0x20000994   Data         160  timers.o(.bss)
    .bss                                     0x20000a34   Section     1720  cmsis_os2.o(.bss)
    Idle_TCB                                 0x20000a34   Data          92  cmsis_os2.o(.bss)
    Idle_Stack                               0x20000a90   Data         512  cmsis_os2.o(.bss)
    Timer_TCB                                0x20000c90   Data          92  cmsis_os2.o(.bss)
    Timer_Stack                              0x20000cec   Data        1024  cmsis_os2.o(.bss)
    .bss                                     0x200010ec   Section     3072  heap_4.o(.bss)
    ucHeap                                   0x200010ec   Data        3072  heap_4.o(.bss)
    STACK                                    0x20001cf0   Section     1024  startup_stm32f103xb.o(STACK)

    Global Symbols

    Symbol Name                              Value     Ov Type        Size  Object(Section)

    BuildAttributes$$THM_ISAv4$P$D$K$B$S$PE$A:L22UL41UL21$X:L11$S22US41US21$IEEE1$IW$USESV6$~STKCKD$USESV7$~SHL$OTIME$ROPI$EBA8$MICROLIB$REQ8$PRES8$EABIv2 0x00000000   Number         0  anon$$obj.o ABSOLUTE
    __ARM_use_no_argv                        0x00000000   Number         0  main.o ABSOLUTE
    __arm_fini_                               - Undefined Weak Reference
    __cpp_initialize__aeabi_                  - Undefined Weak Reference
    __cxa_finalize                            - Undefined Weak Reference
    __decompress                              - Undefined Weak Reference
    _clock_init                               - Undefined Weak Reference
    _microlib_exit                            - Undefined Weak Reference
    __Vectors_Size                           0x000000ec   Number         0  startup_stm32f103xb.o ABSOLUTE
    __Vectors                                0x08000000   Data           4  startup_stm32f103xb.o(RESET)
    __Vectors_End                            0x080000ec   Data           0  startup_stm32f103xb.o(RESET)
    __main                                   0x080000ed   Thumb Code     0  entry.o(.ARM.Collect$$$$00000000)
    _main_stk                                0x080000ed   Thumb Code     0  entry2.o(.ARM.Collect$$$$00000001)
    _main_scatterload                        0x080000f1   Thumb Code     0  entry5.o(.ARM.Collect$$$$00000004)
    __main_after_scatterload                 0x080000f5   Thumb Code     0  entry5.o(.ARM.Collect$$$$00000004)
    _main_clock                              0x080000f5   Thumb Code     0  entry7b.o(.ARM.Collect$$$$00000008)
    _main_cpp_init                           0x080000f5   Thumb Code     0  entry8b.o(.ARM.Collect$$$$0000000A)
    _main_init                               0x080000f5   Thumb Code     0  entry9a.o(.ARM.Collect$$$$0000000B)
    __rt_lib_shutdown_fini                   0x080000fd   Thumb Code     0  entry12b.o(.ARM.Collect$$$$0000000E)
    __rt_final_cpp                           0x08000101   Thumb Code     0  entry10a.o(.ARM.Collect$$$$0000000F)
    __rt_final_exit                          0x08000101   Thumb Code     0  entry11a.o(.ARM.Collect$$$$00000011)
    SVC_Handler                              0x08000105   Thumb Code    32  port.o(.emb_text)
    __asm___6_port_c_39a90d8d__prvStartFirstTask 0x08000129   Thumb Code    28  port.o(.emb_text)
    PendSV_Handler                           0x08000149   Thumb Code    72  port.o(.emb_text)
    vPortGetIPSR                             0x08000195   Thumb Code     6  port.o(.emb_text)
    Reset_Handler                            0x0800019d   Thumb Code     8  startup_stm32f103xb.o(.text)
    ADC1_2_IRQHandler                        0x080001b7   Thumb Code     0  startup_stm32f103xb.o(.text)
    CAN1_RX1_IRQHandler                      0x080001b7   Thumb Code     0  startup_stm32f103xb.o(.text)
    CAN1_SCE_IRQHandler                      0x080001b7   Thumb Code     0  startup_stm32f103xb.o(.text)
    DMA1_Channel1_IRQHandler                 0x080001b7   Thumb Code     0  startup_stm32f103xb.o(.text)
    DMA1_Channel2_IRQHandler                 0x080001b7   Thumb Code     0  startup_stm32f103xb.o(.text)
    DMA1_Channel3_IRQHandler                 0x080001b7   Thumb Code     0  startup_stm32f103xb.o(.text)
    DMA1_Channel4_IRQHandler                 0x080001b7   Thumb Code     0  startup_stm32f103xb.o(.text)
    DMA1_Channel5_IRQHandler                 0x080001b7   Thumb Code     0  startup_stm32f103xb.o(.text)
    DMA1_Channel6_IRQHandler                 0x080001b7   Thumb Code     0  startup_stm32f103xb.o(.text)
    DMA1_Channel7_IRQHandler                 0x080001b7   Thumb Code     0  startup_stm32f103xb.o(.text)
    EXTI0_IRQHandler                         0x080001b7   Thumb Code     0  startup_stm32f103xb.o(.text)
    EXTI15_10_IRQHandler                     0x080001b7   Thumb Code     0  startup_stm32f103xb.o(.text)
    EXTI1_IRQHandler                         0x080001b7   Thumb Code     0  startup_stm32f103xb.o(.text)
    EXTI2_IRQHandler                         0x080001b7   Thumb Code     0  startup_stm32f103xb.o(.text)
    EXTI3_IRQHandler                         0x080001b7   Thumb Code     0  startup_stm32f103xb.o(.text)
    EXTI4_IRQHandler                         0x080001b7   Thumb Code     0  startup_stm32f103xb.o(.text)
    EXTI9_5_IRQHandler                       0x080001b7   Thumb Code     0  startup_stm32f103xb.o(.text)
    FLASH_IRQHandler                         0x080001b7   Thumb Code     0  startup_stm32f103xb.o(.text)
    I2C1_ER_IRQHandler                       0x080001b7   Thumb Code     0  startup_stm32f103xb.o(.text)
    I2C1_EV_IRQHandler                       0x080001b7   Thumb Code     0  startup_stm32f103xb.o(.text)
    I2C2_ER_IRQHandler                       0x080001b7   Thumb Code     0  startup_stm32f103xb.o(.text)
    I2C2_EV_IRQHandler                       0x080001b7   Thumb Code     0  startup_stm32f103xb.o(.text)
    PVD_IRQHandler                           0x080001b7   Thumb Code     0  startup_stm32f103xb.o(.text)
    RCC_IRQHandler                           0x080001b7   Thumb Code     0  startup_stm32f103xb.o(.text)
    RTC_Alarm_IRQHandler                     0x080001b7   Thumb Code     0  startup_stm32f103xb.o(.text)
    RTC_IRQHandler                           0x080001b7   Thumb Code     0  startup_stm32f103xb.o(.text)
    SPI1_IRQHandler                          0x080001b7   Thumb Code     0  startup_stm32f103xb.o(.text)
    SPI2_IRQHandler                          0x080001b7   Thumb Code     0  startup_stm32f103xb.o(.text)
    TAMPER_IRQHandler                        0x080001b7   Thumb Code     0  startup_stm32f103xb.o(.text)
    TIM1_BRK_IRQHandler                      0x080001b7   Thumb Code     0  startup_stm32f103xb.o(.text)
    TIM1_CC_IRQHandler                       0x080001b7   Thumb Code     0  startup_stm32f103xb.o(.text)
    TIM1_TRG_COM_IRQHandler                  0x080001b7   Thumb Code     0  startup_stm32f103xb.o(.text)
    TIM1_UP_IRQHandler                       0x080001b7   Thumb Code     0  startup_stm32f103xb.o(.text)
    TIM2_IRQHandler                          0x080001b7   Thumb Code     0  startup_stm32f103xb.o(.text)
    TIM3_IRQHandler                          0x080001b7   Thumb Code     0  startup_stm32f103xb.o(.text)
    USART2_IRQHandler                        0x080001b7   Thumb Code     0  startup_stm32f103xb.o(.text)
    USART3_IRQHandler                        0x080001b7   Thumb Code     0  startup_stm32f103xb.o(.text)
    USBWakeUp_IRQHandler                     0x080001b7   Thumb Code     0  startup_stm32f103xb.o(.text)
    USB_HP_CAN1_TX_IRQHandler                0x080001b7   Thumb Code     0  startup_stm32f103xb.o(.text)
    USB_LP_CAN1_RX0_IRQHandler               0x080001b7   Thumb Code     0  startup_stm32f103xb.o(.text)
    WWDG_IRQHandler                          0x080001b7   Thumb Code     0  startup_stm32f103xb.o(.text)
    __aeabi_llsr                             0x080001c1   Thumb Code    32  llushr.o(.text)
    _ll_ushift_r                             0x080001c1   Thumb Code     0  llushr.o(.text)
    __aeabi_memcpy                           0x080001e1   Thumb Code    36  memcpya.o(.text)
    __aeabi_memcpy4                          0x080001e1   Thumb Code     0  memcpya.o(.text)
    __aeabi_memcpy8                          0x080001e1   Thumb Code     0  memcpya.o(.text)
    __aeabi_memset                           0x08000205   Thumb Code    14  memseta.o(.text)
    __aeabi_memset4                          0x08000205   Thumb Code     0  memseta.o(.text)
    __aeabi_memset8                          0x08000205   Thumb Code     0  memseta.o(.text)
    __aeabi_memclr                           0x08000213   Thumb Code     4  memseta.o(.text)
    __aeabi_memclr4                          0x08000213   Thumb Code     0  memseta.o(.text)
    __aeabi_memclr8                          0x08000213   Thumb Code     0  memseta.o(.text)
    memset                                   0x08000217   Thumb Code    18  memseta.o(.text)
    __aeabi_dmul                             0x08000229   Thumb Code   228  dmul.o(.text)
    __aeabi_ui2f                             0x0800030d   Thumb Code    10  ffltui.o(.text)
    __aeabi_ui2d                             0x08000317   Thumb Code    26  dfltui.o(.text)
    __aeabi_d2uiz                            0x08000331   Thumb Code    50  dfixui.o(.text)
    __I$use$fp                               0x08000363   Thumb Code     0  iusefp.o(.text)
    _float_round                             0x08000363   Thumb Code    18  fepilogue.o(.text)
    _float_epilogue                          0x08000375   Thumb Code    92  fepilogue.o(.text)
    _double_round                            0x080003d1   Thumb Code    30  depilogue.o(.text)
    _double_epilogue                         0x080003ef   Thumb Code   156  depilogue.o(.text)
    __scatterload                            0x0800048d   Thumb Code    28  init.o(.text)
    __scatterload_rt2                        0x0800048d   Thumb Code     0  init.o(.text)
    __aeabi_llsl                             0x080004b1   Thumb Code    30  llshl.o(.text)
    _ll_shift_l                              0x080004b1   Thumb Code     0  llshl.o(.text)
    ADC_ConversionStop_Disable               0x080004cf   Thumb Code    82  stm32f1xx_hal_adc.o(i.ADC_ConversionStop_Disable)
    ADC_Enable                               0x08000521   Thumb Code   122  stm32f1xx_hal_adc.o(i.ADC_Enable)
    ADC_Get_Average                          0x080005a5   Thumb Code   124  task01.o(i.ADC_Get_Average)
    BusFault_Handler                         0x08000625   Thumb Code     4  stm32f1xx_it.o(i.BusFault_Handler)
    CalCRC16                                 0x08000629   Thumb Code    50  crc.o(i.CalCRC16)
    ConfigUpdate                             0x08000665   Thumb Code    54  task04.o(i.ConfigUpdate)
    DebugMon_Handler                         0x080006a5   Thumb Code     2  stm32f1xx_it.o(i.DebugMon_Handler)
    DefultParam                              0x080006a9   Thumb Code    24  task04.o(i.DefultParam)
    Disp_BeepContrl                          0x080006c5   Thumb Code   100  dwin.o(i.Disp_BeepContrl)
    Disp_SendArr                             0x08000729   Thumb Code    64  dwin.o(i.Disp_SendArr)
    Disp_WrInt16                             0x08000775   Thumb Code    58  dwin.o(i.Disp_WrInt16)
    Error_Handler                            0x080007af   Thumb Code     6  main.o(i.Error_Handler)
    FLASH_PageErase                          0x080007dd   Thumb Code    32  stm32f1xx_hal_flash_ex.o(i.FLASH_PageErase)
    FLASH_WaitForLastOperation               0x080008a9   Thumb Code   106  stm32f1xx_hal_flash.o(i.FLASH_WaitForLastOperation)
    HAL_ADC_ConfigChannel                    0x08000919   Thumb Code   338  stm32f1xx_hal_adc.o(i.HAL_ADC_ConfigChannel)
    HAL_ADC_GetValue                         0x08000a79   Thumb Code     8  stm32f1xx_hal_adc.o(i.HAL_ADC_GetValue)
    HAL_ADC_Init                             0x08000a81   Thumb Code   314  stm32f1xx_hal_adc.o(i.HAL_ADC_Init)
    HAL_ADC_MspInit                          0x08000bc5   Thumb Code    98  adc.o(i.HAL_ADC_MspInit)
    HAL_ADC_PollForConversion                0x08000c35   Thumb Code   350  stm32f1xx_hal_adc.o(i.HAL_ADC_PollForConversion)
    HAL_ADC_Start                            0x08000da5   Thumb Code   294  stm32f1xx_hal_adc.o(i.HAL_ADC_Start)
    HAL_ADC_Stop                             0x08000ed5   Thumb Code    64  stm32f1xx_hal_adc.o(i.HAL_ADC_Stop)
    HAL_DMA_Abort_IT                         0x08000f15   Thumb Code   172  stm32f1xx_hal_dma.o(i.HAL_DMA_Abort_IT)
    HAL_FLASHEx_Erase                        0x08000fc5   Thumb Code   168  stm32f1xx_hal_flash_ex.o(i.HAL_FLASHEx_Erase)
    HAL_FLASH_Lock                           0x08001075   Thumb Code    16  stm32f1xx_hal_flash.o(i.HAL_FLASH_Lock)
    HAL_FLASH_Program                        0x08001089   Thumb Code   168  stm32f1xx_hal_flash.o(i.HAL_FLASH_Program)
    HAL_FLASH_Unlock                         0x08001139   Thumb Code    36  stm32f1xx_hal_flash.o(i.HAL_FLASH_Unlock)
    HAL_GPIO_Init                            0x08001169   Thumb Code   766  stm32f1xx_hal_gpio.o(i.HAL_GPIO_Init)
    HAL_GPIO_WritePin                        0x08001489   Thumb Code    12  stm32f1xx_hal_gpio.o(i.HAL_GPIO_WritePin)
    HAL_GetTick                              0x08001495   Thumb Code     6  stm32f1xx_hal.o(i.HAL_GetTick)
    HAL_IncTick                              0x080014a1   Thumb Code    16  stm32f1xx_hal.o(i.HAL_IncTick)
    HAL_Init                                 0x080014b9   Thumb Code    34  stm32f1xx_hal.o(i.HAL_Init)
    HAL_InitTick                             0x080014e1   Thumb Code   118  stm32f1xx_hal_timebase_tim.o(i.HAL_InitTick)
    HAL_MspInit                              0x08001569   Thumb Code    86  stm32f1xx_hal_msp.o(i.HAL_MspInit)
    HAL_NVIC_EnableIRQ                       0x080015c9   Thumb Code    32  stm32f1xx_hal_cortex.o(i.HAL_NVIC_EnableIRQ)
    HAL_NVIC_SetPriority                     0x080015e9   Thumb Code   124  stm32f1xx_hal_cortex.o(i.HAL_NVIC_SetPriority)
    HAL_NVIC_SetPriorityGrouping             0x08001665   Thumb Code    32  stm32f1xx_hal_cortex.o(i.HAL_NVIC_SetPriorityGrouping)
    HAL_RCCEx_GetPeriphCLKFreq               0x0800168d   Thumb Code   248  stm32f1xx_hal_rcc_ex.o(i.HAL_RCCEx_GetPeriphCLKFreq)
    HAL_RCCEx_PeriphCLKConfig                0x080017a5   Thumb Code   290  stm32f1xx_hal_rcc_ex.o(i.HAL_RCCEx_PeriphCLKConfig)
    HAL_RCC_ClockConfig                      0x080018d5   Thumb Code   376  stm32f1xx_hal_rcc.o(i.HAL_RCC_ClockConfig)
    HAL_RCC_GetClockConfig                   0x08001a61   Thumb Code    58  stm32f1xx_hal_rcc.o(i.HAL_RCC_GetClockConfig)
    HAL_RCC_GetHCLKFreq                      0x08001aa5   Thumb Code     6  stm32f1xx_hal_rcc.o(i.HAL_RCC_GetHCLKFreq)
    HAL_RCC_GetPCLK1Freq                     0x08001ab1   Thumb Code    22  stm32f1xx_hal_rcc.o(i.HAL_RCC_GetPCLK1Freq)
    HAL_RCC_GetPCLK2Freq                     0x08001ad1   Thumb Code    22  stm32f1xx_hal_rcc.o(i.HAL_RCC_GetPCLK2Freq)
    HAL_RCC_GetSysClockFreq                  0x08001af1   Thumb Code   116  stm32f1xx_hal_rcc.o(i.HAL_RCC_GetSysClockFreq)
    HAL_RCC_OscConfig                        0x08001b85   Thumb Code  1114  stm32f1xx_hal_rcc.o(i.HAL_RCC_OscConfig)
    HAL_TIMEx_BreakCallback                  0x08001fe9   Thumb Code     2  stm32f1xx_hal_tim_ex.o(i.HAL_TIMEx_BreakCallback)
    HAL_TIMEx_CommutCallback                 0x08001feb   Thumb Code     2  stm32f1xx_hal_tim_ex.o(i.HAL_TIMEx_CommutCallback)
    HAL_TIM_Base_Init                        0x08001fed   Thumb Code   102  stm32f1xx_hal_tim.o(i.HAL_TIM_Base_Init)
    HAL_TIM_Base_MspInit                     0x08002053   Thumb Code     2  stm32f1xx_hal_tim.o(i.HAL_TIM_Base_MspInit)
    HAL_TIM_Base_Start_IT                    0x08002055   Thumb Code   106  stm32f1xx_hal_tim.o(i.HAL_TIM_Base_Start_IT)
    HAL_TIM_IC_CaptureCallback               0x080020cd   Thumb Code     2  stm32f1xx_hal_tim.o(i.HAL_TIM_IC_CaptureCallback)
    HAL_TIM_IRQHandler                       0x080020cf   Thumb Code   406  stm32f1xx_hal_tim.o(i.HAL_TIM_IRQHandler)
    HAL_TIM_OC_DelayElapsedCallback          0x08002265   Thumb Code     2  stm32f1xx_hal_tim.o(i.HAL_TIM_OC_DelayElapsedCallback)
    HAL_TIM_PWM_PulseFinishedCallback        0x08002267   Thumb Code     2  stm32f1xx_hal_tim.o(i.HAL_TIM_PWM_PulseFinishedCallback)
    HAL_TIM_PeriodElapsedCallback            0x08002269   Thumb Code    18  main.o(i.HAL_TIM_PeriodElapsedCallback)
    HAL_TIM_TriggerCallback                  0x08002281   Thumb Code     2  stm32f1xx_hal_tim.o(i.HAL_TIM_TriggerCallback)
    HAL_UART_ErrorCallback                   0x08002283   Thumb Code     2  stm32f1xx_hal_uart.o(i.HAL_UART_ErrorCallback)
    HAL_UART_IRQHandler                      0x08002285   Thumb Code   334  stm32f1xx_hal_uart.o(i.HAL_UART_IRQHandler)
    HAL_UART_Init                            0x080023d9   Thumb Code   114  stm32f1xx_hal_uart.o(i.HAL_UART_Init)
    HAL_UART_MspInit                         0x0800244d   Thumb Code   138  usart.o(i.HAL_UART_MspInit)
    HAL_UART_RxCpltCallback                  0x080024e5   Thumb Code     2  stm32f1xx_hal_uart.o(i.HAL_UART_RxCpltCallback)
    HAL_UART_Transmit                        0x080024e7   Thumb Code   210  stm32f1xx_hal_uart.o(i.HAL_UART_Transmit)
    HAL_UART_TxCpltCallback                  0x080025b9   Thumb Code     2  stm32f1xx_hal_uart.o(i.HAL_UART_TxCpltCallback)
    HardFault_Handler                        0x080025bb   Thumb Code     4  stm32f1xx_it.o(i.HardFault_Handler)
    INT16ToCh                                0x080025bf   Thumb Code    10  task04.o(i.INT16ToCh)
    LoadParam                                0x080025c9   Thumb Code    44  task04.o(i.LoadParam)
    MX_ADC1_Init                             0x080025fd   Thumb Code    48  adc.o(i.MX_ADC1_Init)
    MX_FREERTOS_Init                         0x08002635   Thumb Code    60  freertos.o(i.MX_FREERTOS_Init)
    MX_GPIO_Init                             0x080026a1   Thumb Code   196  gpio.o(i.MX_GPIO_Init)
    MX_USART1_UART_Init                      0x08002771   Thumb Code    46  usart.o(i.MX_USART1_UART_Init)
    MemManage_Handler                        0x080027a9   Thumb Code     4  stm32f1xx_it.o(i.MemManage_Handler)
    NMI_Handler                              0x080027ad   Thumb Code     4  stm32f1xx_it.o(i.NMI_Handler)
    OutputEN                                 0x080027b1   Thumb Code    46  task01.o(i.OutputEN)
    PowerEN                                  0x080027df   Thumb Code    46  task01.o(i.PowerEN)
    ReadBufFromFlash                         0x08002835   Thumb Code    38  task04.o(i.ReadBufFromFlash)
    RecToBuf                                 0x08002865   Thumb Code   134  task02.o(i.RecToBuf)
    RxDataAnalyze                            0x080028f5   Thumb Code   296  task02.o(i.RxDataAnalyze)
    ST0_Wait_keyEvent                        0x08002a21   Thumb Code    90  task01.o(i.ST0_Wait_keyEvent)
    ST1_Run_JumpEvent                        0x08002a89   Thumb Code   300  task01.o(i.ST1_Run_JumpEvent)
    ST2_OC_JumpEvent                         0x08002bc5   Thumb Code    68  task01.o(i.ST2_OC_JumpEvent)
    ST3_STOP_JumpEvent                       0x08002c15   Thumb Code    68  task01.o(i.ST3_STOP_JumpEvent)
    StartTask01                              0x08002c65   Thumb Code    14  freertos.o(i.StartTask01)
    StartTask02                              0x08002c73   Thumb Code    14  freertos.o(i.StartTask02)
    StartTask03                              0x08002c81   Thumb Code    14  freertos.o(i.StartTask03)
    StartTask04                              0x08002c8f   Thumb Code    14  freertos.o(i.StartTask04)
    SysTick_Handler                          0x08002c9d   Thumb Code    46  port.o(i.SysTick_Handler)
    SystemClock_Config                       0x08002cd1   Thumb Code   132  main.o(i.SystemClock_Config)
    SystemInit                               0x08002d55   Thumb Code     2  system_stm32f1xx.o(i.SystemInit)
    TIM4_IRQHandler                          0x08002d59   Thumb Code    10  stm32f1xx_it.o(i.TIM4_IRQHandler)
    TIM_Base_SetConfig                       0x08002d69   Thumb Code   104  stm32f1xx_hal_tim.o(i.TIM_Base_SetConfig)
    Task01Main                               0x08002ddd   Thumb Code    52  task01.o(i.Task01Main)
    Task02Main                               0x08002e15   Thumb Code    54  task02.o(i.Task02Main)
    Task03Main                               0x08002e55   Thumb Code    24  task03.o(i.Task03Main)
    Task04Main                               0x08002e6d   Thumb Code    18  task04.o(i.Task04Main)
    USART1_IRQHandler                        0x0800313d   Thumb Code    14  stm32f1xx_it.o(i.USART1_IRQHandler)
    UsageFault_Handler                       0x08003151   Thumb Code     4  stm32f1xx_it.o(i.UsageFault_Handler)
    WriteBufToFlash                          0x08003155   Thumb Code    84  task04.o(i.WriteBufToFlash)
    __scatterload_copy                       0x080031fb   Thumb Code    14  handlers.o(i.__scatterload_copy)
    __scatterload_null                       0x08003209   Thumb Code     2  handlers.o(i.__scatterload_null)
    __scatterload_zeroinit                   0x0800320b   Thumb Code    14  handlers.o(i.__scatterload_zeroinit)
    beepCtrl                                 0x08003219   Thumb Code    88  task02.o(i.beepCtrl)
    dwinChToInt32                            0x08003275   Thumb Code    28  dwin.o(i.dwinChToInt32)
    getADCtoCurrent                          0x08003291   Thumb Code   178  task01.o(i.getADCtoCurrent)
    getBackCheck                             0x0800336d   Thumb Code   138  task02.o(i.getBackCheck)
    getRunPress                              0x08003401   Thumb Code    12  task01.o(i.getRunPress)
    getStopPress                             0x08003411   Thumb Code    12  task01.o(i.getStopPress)
    getTimeVal                               0x08003421   Thumb Code     6  task03.o(i.getTimeVal)
    main                                     0x0800342d   Thumb Code    36  main.o(i.main)
    osDelay                                  0x08003451   Thumb Code    50  cmsis_os2.o(i.osDelay)
    osKernelInitialize                       0x08003489   Thumb Code    58  cmsis_os2.o(i.osKernelInitialize)
    osKernelStart                            0x080034c9   Thumb Code    64  cmsis_os2.o(i.osKernelStart)
    osThreadNew                              0x0800350d   Thumb Code   216  cmsis_os2.o(i.osThreadNew)
    putCfgDataScreen                         0x08003fb5   Thumb Code   336  task02.o(i.putCfgDataScreen)
    pvPortMalloc                             0x08004111   Thumb Code   296  heap_4.o(i.pvPortMalloc)
    pxPortInitialiseStack                    0x0800424d   Thumb Code    30  port.o(i.pxPortInitialiseStack)
    runLEDFlash                              0x08004271   Thumb Code    64  task03.o(i.runLEDFlash)
    runningStateMachine                      0x080042b9   Thumb Code    66  task01.o(i.runningStateMachine)
    setBeepState                             0x08004305   Thumb Code     6  task02.o(i.setBeepState)
    setOutputEnable                          0x08004311   Thumb Code   120  task01.o(i.setOutputEnable)
    setPowerEnable                           0x08004391   Thumb Code   122  task01.o(i.setPowerEnable)
    setTimeState                             0x08004411   Thumb Code     6  task03.o(i.setTimeState)
    setTimeVal                               0x0800441d   Thumb Code     6  task03.o(i.setTimeVal)
    timeRunner                               0x08004429   Thumb Code    46  task03.o(i.timeRunner)
    uxListRemove                             0x08004465   Thumb Code    40  list.o(i.uxListRemove)
    vApplicationGetIdleTaskMemory            0x0800448d   Thumb Code    14  cmsis_os2.o(i.vApplicationGetIdleTaskMemory)
    vApplicationGetTimerTaskMemory           0x080044a5   Thumb Code    16  cmsis_os2.o(i.vApplicationGetTimerTaskMemory)
    vListInitialise                          0x080044bd   Thumb Code    26  list.o(i.vListInitialise)
    vListInitialiseItem                      0x080044d7   Thumb Code     6  list.o(i.vListInitialiseItem)
    vListInsert                              0x080044dd   Thumb Code    52  list.o(i.vListInsert)
    vListInsertEnd                           0x08004511   Thumb Code    24  list.o(i.vListInsertEnd)
    vPortEnterCritical                       0x08004529   Thumb Code    76  port.o(i.vPortEnterCritical)
    vPortExitCritical                        0x0800457d   Thumb Code    56  port.o(i.vPortExitCritical)
    vPortFree                                0x080045b9   Thumb Code   140  heap_4.o(i.vPortFree)
    vPortSetupTimerInterrupt                 0x0800464d   Thumb Code    36  port.o(i.vPortSetupTimerInterrupt)
    vPortValidateInterruptPriority           0x08004675   Thumb Code   106  port.o(i.vPortValidateInterruptPriority)
    vQueueAddToRegistry                      0x080046ed   Thumb Code    38  queue.o(i.vQueueAddToRegistry)
    vQueueWaitForMessageRestricted           0x08004719   Thumb Code    74  queue.o(i.vQueueWaitForMessageRestricted)
    vTaskDelay                               0x08004765   Thumb Code    82  tasks.o(i.vTaskDelay)
    vTaskInternalSetTimeOutState             0x080047c1   Thumb Code    14  tasks.o(i.vTaskInternalSetTimeOutState)
    vTaskMissedYield                         0x080047d9   Thumb Code     8  tasks.o(i.vTaskMissedYield)
    vTaskPlaceOnEventList                    0x080047e5   Thumb Code    52  tasks.o(i.vTaskPlaceOnEventList)
    vTaskPlaceOnEventListRestricted          0x0800481d   Thumb Code    60  tasks.o(i.vTaskPlaceOnEventListRestricted)
    vTaskStartScheduler                      0x0800485d   Thumb Code   156  tasks.o(i.vTaskStartScheduler)
    vTaskSuspendAll                          0x08004915   Thumb Code    12  tasks.o(i.vTaskSuspendAll)
    vTaskSwitchContext                       0x08004925   Thumb Code   122  tasks.o(i.vTaskSwitchContext)
    xPortStartScheduler                      0x080049b5   Thumb Code   228  port.o(i.xPortStartScheduler)
    xQueueGenericCreateStatic                0x08004aad   Thumb Code   222  queue.o(i.xQueueGenericCreateStatic)
    xQueueGenericReset                       0x08004b8d   Thumb Code   146  queue.o(i.xQueueGenericReset)
    xQueueGenericSend                        0x08004c25   Thumb Code   420  queue.o(i.xQueueGenericSend)
    xQueueGenericSendFromISR                 0x08004dcd   Thumb Code   248  queue.o(i.xQueueGenericSendFromISR)
    xQueueReceive                            0x08004ec5   Thumb Code   356  queue.o(i.xQueueReceive)
    xTaskCheckForTimeOut                     0x0800502d   Thumb Code   132  tasks.o(i.xTaskCheckForTimeOut)
    xTaskCreate                              0x080050b9   Thumb Code   100  tasks.o(i.xTaskCreate)
    xTaskCreateStatic                        0x0800511d   Thumb Code   184  tasks.o(i.xTaskCreateStatic)
    xTaskGetSchedulerState                   0x080051d5   Thumb Code    24  tasks.o(i.xTaskGetSchedulerState)
    xTaskGetTickCount                        0x080051f5   Thumb Code     6  tasks.o(i.xTaskGetTickCount)
    xTaskIncrementTick                       0x08005201   Thumb Code   280  tasks.o(i.xTaskIncrementTick)
    xTaskPriorityDisinherit                  0x08005345   Thumb Code   152  tasks.o(i.xTaskPriorityDisinherit)
    xTaskRemoveFromEventList                 0x080053e9   Thumb Code   126  tasks.o(i.xTaskRemoveFromEventList)
    xTaskResumeAll                           0x08005481   Thumb Code   222  tasks.o(i.xTaskResumeAll)
    xTimerCreateTimerTask                    0x08005585   Thumb Code   100  timers.o(i.xTimerCreateTimerTask)
    xTimerGenericCommand                     0x080055fd   Thumb Code   128  timers.o(i.xTimerGenericCommand)
    Task01_attributes                        0x08005680   Data          36  freertos.o(.constdata)
    Task02_attributes                        0x080056a4   Data          36  freertos.o(.constdata)
    Task03_attributes                        0x080056c8   Data          36  freertos.o(.constdata)
    Task04_attributes                        0x080056ec   Data          36  freertos.o(.constdata)
    auchCRCHi                                0x08005710   Data         256  crc.o(.constdata)
    auchCRCLo                                0x08005810   Data         256  crc.o(.constdata)
    AHBPrescTable                            0x08005910   Data          16  system_stm32f1xx.o(.constdata)
    APBPrescTable                            0x08005920   Data           8  system_stm32f1xx.o(.constdata)
    Region$$Table$$Base                      0x08005948   Number         0  anon$$obj.o(Region$$Table)
    Region$$Table$$Limit                     0x08005968   Number         0  anon$$obj.o(Region$$Table)
    Task01Handle                             0x20000000   Data           4  freertos.o(.data)
    Task02Handle                             0x20000004   Data           4  freertos.o(.data)
    Task03Handle                             0x20000008   Data           4  freertos.o(.data)
    Task04Handle                             0x2000000c   Data           4  freertos.o(.data)
    g_chst                                   0x20000010   Data          10  task01.o(.data)
    g_state                                  0x2000001a   Data           2  task01.o(.data)
    st_beep                                  0x2000001c   Data           1  task02.o(.data)
    g_sec                                    0x20000020   Data           4  task03.o(.data)
    g_trun                                   0x20000024   Data           1  task03.o(.data)
    uwTick                                   0x20000030   Data           4  stm32f1xx_hal.o(.data)
    uwTickPrio                               0x20000034   Data           4  stm32f1xx_hal.o(.data)
    uwTickFreq                               0x20000038   Data           1  stm32f1xx_hal.o(.data)
    SystemCoreClock                          0x2000003c   Data           4  system_stm32f1xx.o(.data)
    pxCurrentTCB                             0x20000040   Data           4  tasks.o(.data)
    hadc1                                    0x200000b8   Data          48  adc.o(.bss)
    huart1                                   0x200000e8   Data          64  usart.o(.bss)
    htim4                                    0x20000128   Data          72  stm32f1xx_hal_timebase_tim.o(.bss)
    g_mA                                     0x20000170   Data          10  task01.o(.bss)
    ComTx                                    0x2000017a   Data         257  task02.o(.bss)
    ComRx                                    0x2000027b   Data         257  task02.o(.bss)
    datatfbuf                                0x2000037c   Data         100  task04.o(.bss)
    CfgData                                  0x200003e0   Data          20  task04.o(.bss)
    pFlash                                   0x200003f8   Data          32  stm32f1xx_hal_flash.o(.bss)
    xQueueRegistry                           0x20000418   Data          64  queue.o(.bss)
    __initial_sp                             0x200020f0   Data           0  startup_stm32f103xb.o(STACK)



==============================================================================

Memory Map of the image

  Image Entry point : 0x080000ed

  Load Region LR_IROM1 (Base: 0x08000000, Size: 0x00005a20, Max: 0x00010000, ABSOLUTE)

    Execution Region ER_IROM1 (Exec base: 0x08000000, Load base: 0x08000000, Size: 0x00005968, Max: 0x00010000, ABSOLUTE)

    Exec Addr    Load Addr    Size         Type   Attr      Idx    E Section Name        Object

    0x08000000   0x08000000   0x000000ec   Data   RO            3    RESET               startup_stm32f103xb.o
    0x080000ec   0x080000ec   0x00000000   Code   RO         5278  * .ARM.Collect$$$$00000000  mc_w.l(entry.o)
    0x080000ec   0x080000ec   0x00000004   Code   RO         5299    .ARM.Collect$$$$00000001  mc_w.l(entry2.o)
    0x080000f0   0x080000f0   0x00000004   Code   RO         5302    .ARM.Collect$$$$00000004  mc_w.l(entry5.o)
    0x080000f4   0x080000f4   0x00000000   Code   RO         5304    .ARM.Collect$$$$00000008  mc_w.l(entry7b.o)
    0x080000f4   0x080000f4   0x00000000   Code   RO         5306    .ARM.Collect$$$$0000000A  mc_w.l(entry8b.o)
    0x080000f4   0x080000f4   0x00000008   Code   RO         5307    .ARM.Collect$$$$0000000B  mc_w.l(entry9a.o)
    0x080000fc   0x080000fc   0x00000004   Code   RO         5314    .ARM.Collect$$$$0000000E  mc_w.l(entry12b.o)
    0x08000100   0x08000100   0x00000000   Code   RO         5309    .ARM.Collect$$$$0000000F  mc_w.l(entry10a.o)
    0x08000100   0x08000100   0x00000000   Code   RO         5311    .ARM.Collect$$$$00000011  mc_w.l(entry11a.o)
    0x08000100   0x08000100   0x00000004   Code   RO         5300    .ARM.Collect$$$$00002712  mc_w.l(entry2.o)
    0x08000104   0x08000104   0x00000096   Code   RO         5201    .emb_text           port.o
    0x0800019a   0x0800019a   0x00000002   PAD
    0x0800019c   0x0800019c   0x00000024   Code   RO            4    .text               startup_stm32f103xb.o
    0x080001c0   0x080001c0   0x00000020   Code   RO         5281    .text               mc_w.l(llushr.o)
    0x080001e0   0x080001e0   0x00000024   Code   RO         5283    .text               mc_w.l(memcpya.o)
    0x08000204   0x08000204   0x00000024   Code   RO         5287    .text               mc_w.l(memseta.o)
    0x08000228   0x08000228   0x000000e4   Code   RO         5291    .text               mf_w.l(dmul.o)
    0x0800030c   0x0800030c   0x0000000a   Code   RO         5293    .text               mf_w.l(ffltui.o)
    0x08000316   0x08000316   0x0000001a   Code   RO         5295    .text               mf_w.l(dfltui.o)
    0x08000330   0x08000330   0x00000032   Code   RO         5297    .text               mf_w.l(dfixui.o)
    0x08000362   0x08000362   0x00000000   Code   RO         5315    .text               mc_w.l(iusefp.o)
    0x08000362   0x08000362   0x0000006e   Code   RO         5316    .text               mf_w.l(fepilogue.o)
    0x080003d0   0x080003d0   0x000000ba   Code   RO         5318    .text               mf_w.l(depilogue.o)
    0x0800048a   0x0800048a   0x00000002   PAD
    0x0800048c   0x0800048c   0x00000024   Code   RO         5320    .text               mc_w.l(init.o)
    0x080004b0   0x080004b0   0x0000001e   Code   RO         5322    .text               mc_w.l(llshl.o)
    0x080004ce   0x080004ce   0x00000052   Code   RO          982    i.ADC_ConversionStop_Disable  stm32f1xx_hal_adc.o
    0x08000520   0x08000520   0x00000084   Code   RO          986    i.ADC_Enable        stm32f1xx_hal_adc.o
    0x080005a4   0x080005a4   0x00000080   Code   RO          510    i.ADC_Get_Average   task01.o
    0x08000624   0x08000624   0x00000004   Code   RO          377    i.BusFault_Handler  stm32f1xx_it.o
    0x08000628   0x08000628   0x0000003c   Code   RO          930    i.CalCRC16          crc.o
    0x08000664   0x08000664   0x00000040   Code   RO          752    i.ConfigUpdate      task04.o
    0x080006a4   0x080006a4   0x00000002   Code   RO          378    i.DebugMon_Handler  stm32f1xx_it.o
    0x080006a6   0x080006a6   0x00000002   PAD
    0x080006a8   0x080006a8   0x0000001c   Code   RO          753    i.DefultParam       task04.o
    0x080006c4   0x080006c4   0x00000064   Code   RO          828    i.Disp_BeepContrl   dwin.o
    0x08000728   0x08000728   0x0000004c   Code   RO          831    i.Disp_SendArr      dwin.o
    0x08000774   0x08000774   0x0000003a   Code   RO          835    i.Disp_WrInt16      dwin.o
    0x080007ae   0x080007ae   0x00000006   Code   RO           13    i.Error_Handler     main.o
    0x080007b4   0x080007b4   0x00000028   Code   RO         2086    i.FLASH_MassErase   stm32f1xx_hal_flash_ex.o
    0x080007dc   0x080007dc   0x00000028   Code   RO         2095    i.FLASH_PageErase   stm32f1xx_hal_flash_ex.o
    0x08000804   0x08000804   0x00000020   Code   RO         1983    i.FLASH_Program_HalfWord  stm32f1xx_hal_flash.o
    0x08000824   0x08000824   0x00000084   Code   RO         1984    i.FLASH_SetErrorCode  stm32f1xx_hal_flash.o
    0x080008a8   0x080008a8   0x00000070   Code   RO         1985    i.FLASH_WaitForLastOperation  stm32f1xx_hal_flash.o
    0x08000918   0x08000918   0x00000160   Code   RO          988    i.HAL_ADC_ConfigChannel  stm32f1xx_hal_adc.o
    0x08000a78   0x08000a78   0x00000008   Code   RO          995    i.HAL_ADC_GetValue  stm32f1xx_hal_adc.o
    0x08000a80   0x08000a80   0x00000144   Code   RO          997    i.HAL_ADC_Init      stm32f1xx_hal_adc.o
    0x08000bc4   0x08000bc4   0x00000070   Code   RO          294    i.HAL_ADC_MspInit   adc.o
    0x08000c34   0x08000c34   0x00000170   Code   RO         1001    i.HAL_ADC_PollForConversion  stm32f1xx_hal_adc.o
    0x08000da4   0x08000da4   0x00000130   Code   RO         1003    i.HAL_ADC_Start     stm32f1xx_hal_adc.o
    0x08000ed4   0x08000ed4   0x00000040   Code   RO         1006    i.HAL_ADC_Stop      stm32f1xx_hal_adc.o
    0x08000f14   0x08000f14   0x000000b0   Code   RO         1643    i.HAL_DMA_Abort_IT  stm32f1xx_hal_dma.o
    0x08000fc4   0x08000fc4   0x000000b0   Code   RO         2096    i.HAL_FLASHEx_Erase  stm32f1xx_hal_flash_ex.o
    0x08001074   0x08001074   0x00000014   Code   RO         1989    i.HAL_FLASH_Lock    stm32f1xx_hal_flash.o
    0x08001088   0x08001088   0x000000b0   Code   RO         1994    i.HAL_FLASH_Program  stm32f1xx_hal_flash.o
    0x08001138   0x08001138   0x00000030   Code   RO         1996    i.HAL_FLASH_Unlock  stm32f1xx_hal_flash.o
    0x08001168   0x08001168   0x00000320   Code   RO         1578    i.HAL_GPIO_Init     stm32f1xx_hal_gpio.o
    0x08001488   0x08001488   0x0000000c   Code   RO         1582    i.HAL_GPIO_WritePin  stm32f1xx_hal_gpio.o
    0x08001494   0x08001494   0x0000000c   Code   RO         1269    i.HAL_GetTick       stm32f1xx_hal.o
    0x080014a0   0x080014a0   0x00000018   Code   RO         1275    i.HAL_IncTick       stm32f1xx_hal.o
    0x080014b8   0x080014b8   0x00000028   Code   RO         1276    i.HAL_Init          stm32f1xx_hal.o
    0x080014e0   0x080014e0   0x00000088   Code   RO          471    i.HAL_InitTick      stm32f1xx_hal_timebase_tim.o
    0x08001568   0x08001568   0x00000060   Code   RO          447    i.HAL_MspInit       stm32f1xx_hal_msp.o
    0x080015c8   0x080015c8   0x00000020   Code   RO         1738    i.HAL_NVIC_EnableIRQ  stm32f1xx_hal_cortex.o
    0x080015e8   0x080015e8   0x0000007c   Code   RO         1744    i.HAL_NVIC_SetPriority  stm32f1xx_hal_cortex.o
    0x08001664   0x08001664   0x00000028   Code   RO         1745    i.HAL_NVIC_SetPriorityGrouping  stm32f1xx_hal_cortex.o
    0x0800168c   0x0800168c   0x00000118   Code   RO         1540    i.HAL_RCCEx_GetPeriphCLKFreq  stm32f1xx_hal_rcc_ex.o
    0x080017a4   0x080017a4   0x00000130   Code   RO         1541    i.HAL_RCCEx_PeriphCLKConfig  stm32f1xx_hal_rcc_ex.o
    0x080018d4   0x080018d4   0x0000018c   Code   RO         1433    i.HAL_RCC_ClockConfig  stm32f1xx_hal_rcc.o
    0x08001a60   0x08001a60   0x00000044   Code   RO         1437    i.HAL_RCC_GetClockConfig  stm32f1xx_hal_rcc.o
    0x08001aa4   0x08001aa4   0x0000000c   Code   RO         1438    i.HAL_RCC_GetHCLKFreq  stm32f1xx_hal_rcc.o
    0x08001ab0   0x08001ab0   0x00000020   Code   RO         1440    i.HAL_RCC_GetPCLK1Freq  stm32f1xx_hal_rcc.o
    0x08001ad0   0x08001ad0   0x00000020   Code   RO         1441    i.HAL_RCC_GetPCLK2Freq  stm32f1xx_hal_rcc.o
    0x08001af0   0x08001af0   0x00000094   Code   RO         1442    i.HAL_RCC_GetSysClockFreq  stm32f1xx_hal_rcc.o
    0x08001b84   0x08001b84   0x00000464   Code   RO         1445    i.HAL_RCC_OscConfig  stm32f1xx_hal_rcc.o
    0x08001fe8   0x08001fe8   0x00000002   Code   RO         2981    i.HAL_TIMEx_BreakCallback  stm32f1xx_hal_tim_ex.o
    0x08001fea   0x08001fea   0x00000002   Code   RO         2982    i.HAL_TIMEx_CommutCallback  stm32f1xx_hal_tim_ex.o
    0x08001fec   0x08001fec   0x00000066   Code   RO         2266    i.HAL_TIM_Base_Init  stm32f1xx_hal_tim.o
    0x08002052   0x08002052   0x00000002   Code   RO         2268    i.HAL_TIM_Base_MspInit  stm32f1xx_hal_tim.o
    0x08002054   0x08002054   0x00000078   Code   RO         2271    i.HAL_TIM_Base_Start_IT  stm32f1xx_hal_tim.o
    0x080020cc   0x080020cc   0x00000002   Code   RO         2300    i.HAL_TIM_IC_CaptureCallback  stm32f1xx_hal_tim.o
    0x080020ce   0x080020ce   0x00000196   Code   RO         2314    i.HAL_TIM_IRQHandler  stm32f1xx_hal_tim.o
    0x08002264   0x08002264   0x00000002   Code   RO         2317    i.HAL_TIM_OC_DelayElapsedCallback  stm32f1xx_hal_tim.o
    0x08002266   0x08002266   0x00000002   Code   RO         2344    i.HAL_TIM_PWM_PulseFinishedCallback  stm32f1xx_hal_tim.o
    0x08002268   0x08002268   0x00000018   Code   RO           14    i.HAL_TIM_PeriodElapsedCallback  main.o
    0x08002280   0x08002280   0x00000002   Code   RO         2357    i.HAL_TIM_TriggerCallback  stm32f1xx_hal_tim.o
    0x08002282   0x08002282   0x00000002   Code   RO         3269    i.HAL_UART_ErrorCallback  stm32f1xx_hal_uart.o
    0x08002284   0x08002284   0x00000154   Code   RO         3272    i.HAL_UART_IRQHandler  stm32f1xx_hal_uart.o
    0x080023d8   0x080023d8   0x00000072   Code   RO         3273    i.HAL_UART_Init     stm32f1xx_hal_uart.o
    0x0800244a   0x0800244a   0x00000002   PAD
    0x0800244c   0x0800244c   0x00000098   Code   RO          336    i.HAL_UART_MspInit  usart.o
    0x080024e4   0x080024e4   0x00000002   Code   RO         3279    i.HAL_UART_RxCpltCallback  stm32f1xx_hal_uart.o
    0x080024e6   0x080024e6   0x000000d2   Code   RO         3281    i.HAL_UART_Transmit  stm32f1xx_hal_uart.o
    0x080025b8   0x080025b8   0x00000002   Code   RO         3284    i.HAL_UART_TxCpltCallback  stm32f1xx_hal_uart.o
    0x080025ba   0x080025ba   0x00000004   Code   RO          379    i.HardFault_Handler  stm32f1xx_it.o
    0x080025be   0x080025be   0x0000000a   Code   RO          754    i.INT16ToCh         task04.o
    0x080025c8   0x080025c8   0x00000034   Code   RO          755    i.LoadParam         task04.o
    0x080025fc   0x080025fc   0x00000038   Code   RO          295    i.MX_ADC1_Init      adc.o
    0x08002634   0x08002634   0x0000006c   Code   RO          211    i.MX_FREERTOS_Init  freertos.o
    0x080026a0   0x080026a0   0x000000d0   Code   RO          187    i.MX_GPIO_Init      gpio.o
    0x08002770   0x08002770   0x00000038   Code   RO          337    i.MX_USART1_UART_Init  usart.o
    0x080027a8   0x080027a8   0x00000004   Code   RO          380    i.MemManage_Handler  stm32f1xx_it.o
    0x080027ac   0x080027ac   0x00000004   Code   RO          381    i.NMI_Handler       stm32f1xx_it.o
    0x080027b0   0x080027b0   0x0000002e   Code   RO          511    i.OutputEN          task01.o
    0x080027de   0x080027de   0x0000002e   Code   RO          512    i.PowerEN           task01.o
    0x0800280c   0x0800280c   0x00000028   Code   RO         1446    i.RCC_Delay         stm32f1xx_hal_rcc.o
    0x08002834   0x08002834   0x00000030   Code   RO          756    i.ReadBufFromFlash  task04.o
    0x08002864   0x08002864   0x00000090   Code   RO          619    i.RecToBuf          task02.o
    0x080028f4   0x080028f4   0x0000012c   Code   RO          620    i.RxDataAnalyze     task02.o
    0x08002a20   0x08002a20   0x00000068   Code   RO          513    i.ST0_Wait_keyEvent  task01.o
    0x08002a88   0x08002a88   0x0000013c   Code   RO          514    i.ST1_Run_JumpEvent  task01.o
    0x08002bc4   0x08002bc4   0x00000050   Code   RO          515    i.ST2_OC_JumpEvent  task01.o
    0x08002c14   0x08002c14   0x00000050   Code   RO          516    i.ST3_STOP_JumpEvent  task01.o
    0x08002c64   0x08002c64   0x0000000e   Code   RO          212    i.StartTask01       freertos.o
    0x08002c72   0x08002c72   0x0000000e   Code   RO          213    i.StartTask02       freertos.o
    0x08002c80   0x08002c80   0x0000000e   Code   RO          214    i.StartTask03       freertos.o
    0x08002c8e   0x08002c8e   0x0000000e   Code   RO          215    i.StartTask04       freertos.o
    0x08002c9c   0x08002c9c   0x00000034   Code   RO         5202    i.SysTick_Handler   port.o
    0x08002cd0   0x08002cd0   0x00000084   Code   RO           15    i.SystemClock_Config  main.o
    0x08002d54   0x08002d54   0x00000002   Code   RO         3580    i.SystemInit        system_stm32f1xx.o
    0x08002d56   0x08002d56   0x00000002   PAD
    0x08002d58   0x08002d58   0x00000010   Code   RO          382    i.TIM4_IRQHandler   stm32f1xx_it.o
    0x08002d68   0x08002d68   0x00000074   Code   RO         2359    i.TIM_Base_SetConfig  stm32f1xx_hal_tim.o
    0x08002ddc   0x08002ddc   0x00000038   Code   RO          517    i.Task01Main        task01.o
    0x08002e14   0x08002e14   0x00000040   Code   RO          621    i.Task02Main        task02.o
    0x08002e54   0x08002e54   0x00000018   Code   RO          689    i.Task03Main        task03.o
    0x08002e6c   0x08002e6c   0x00000012   Code   RO          757    i.Task04Main        task04.o
    0x08002e7e   0x08002e7e   0x00000014   Code   RO         3286    i.UART_DMAAbortOnError  stm32f1xx_hal_uart.o
    0x08002e92   0x08002e92   0x00000020   Code   RO         3296    i.UART_EndRxTransfer  stm32f1xx_hal_uart.o
    0x08002eb2   0x08002eb2   0x00000020   Code   RO         3297    i.UART_EndTransmit_IT  stm32f1xx_hal_uart.o
    0x08002ed2   0x08002ed2   0x000000a0   Code   RO         3299    i.UART_Receive_IT   stm32f1xx_hal_uart.o
    0x08002f72   0x08002f72   0x00000002   PAD
    0x08002f74   0x08002f74   0x000000fc   Code   RO         3300    i.UART_SetConfig    stm32f1xx_hal_uart.o
    0x08003070   0x08003070   0x00000060   Code   RO         3301    i.UART_Transmit_IT  stm32f1xx_hal_uart.o
    0x080030d0   0x080030d0   0x0000006c   Code   RO         3302    i.UART_WaitOnFlagUntilTimeout  stm32f1xx_hal_uart.o
    0x0800313c   0x0800313c   0x00000014   Code   RO          383    i.USART1_IRQHandler  stm32f1xx_it.o
    0x08003150   0x08003150   0x00000004   Code   RO          384    i.UsageFault_Handler  stm32f1xx_it.o
    0x08003154   0x08003154   0x0000005c   Code   RO          758    i.WriteBufToFlash   task04.o
    0x080031b0   0x080031b0   0x00000010   Code   RO         1751    i.__NVIC_GetPriorityGrouping  stm32f1xx_hal_cortex.o
    0x080031c0   0x080031c0   0x00000028   Code   RO         1752    i.__NVIC_SetPriority  stm32f1xx_hal_cortex.o
    0x080031e8   0x080031e8   0x00000006   Code   RO         4716    i.__get_BASEPRI     cmsis_os2.o
    0x080031ee   0x080031ee   0x00000006   Code   RO         4717    i.__get_IPSR        cmsis_os2.o
    0x080031f4   0x080031f4   0x00000006   Code   RO         4718    i.__get_PRIMASK     cmsis_os2.o
    0x080031fa   0x080031fa   0x0000000e   Code   RO         5326    i.__scatterload_copy  mc_w.l(handlers.o)
    0x08003208   0x08003208   0x00000002   Code   RO         5327    i.__scatterload_null  mc_w.l(handlers.o)
    0x0800320a   0x0800320a   0x0000000e   Code   RO         5328    i.__scatterload_zeroinit  mc_w.l(handlers.o)
    0x08003218   0x08003218   0x0000005c   Code   RO          622    i.beepCtrl          task02.o
    0x08003274   0x08003274   0x0000001c   Code   RO          839    i.dwinChToInt32     dwin.o
    0x08003290   0x08003290   0x000000dc   Code   RO          518    i.getADCtoCurrent   task01.o
    0x0800336c   0x0800336c   0x00000094   Code   RO          623    i.getBackCheck      task02.o
    0x08003400   0x08003400   0x00000010   Code   RO          519    i.getRunPress       task01.o
    0x08003410   0x08003410   0x00000010   Code   RO          520    i.getStopPress      task01.o
    0x08003420   0x08003420   0x0000000c   Code   RO          691    i.getTimeVal        task03.o
    0x0800342c   0x0800342c   0x00000024   Code   RO           16    i.main              main.o
    0x08003450   0x08003450   0x00000038   Code   RO         4719    i.osDelay           cmsis_os2.o
    0x08003488   0x08003488   0x00000040   Code   RO         4733    i.osKernelInitialize  cmsis_os2.o
    0x080034c8   0x080034c8   0x00000044   Code   RO         4736    i.osKernelStart     cmsis_os2.o
    0x0800350c   0x0800350c   0x000000dc   Code   RO         4770    i.osThreadNew       cmsis_os2.o
    0x080035e8   0x080035e8   0x0000007c   Code   RO         4191    i.prvAddCurrentTaskToDelayedList  tasks.o
    0x08003664   0x08003664   0x000000b8   Code   RO         4192    i.prvAddNewTaskToReadyList  tasks.o
    0x0800371c   0x0800371c   0x00000074   Code   RO         4552    i.prvCheckForValidListAndQueue  timers.o
    0x08003790   0x08003790   0x00000048   Code   RO         4193    i.prvCheckTasksWaitingTermination  tasks.o
    0x080037d8   0x080037d8   0x0000002a   Code   RO         3784    i.prvCopyDataFromQueue  queue.o
    0x08003802   0x08003802   0x0000007c   Code   RO         3785    i.prvCopyDataToQueue  queue.o
    0x0800387e   0x0800387e   0x00000050   Code   RO         4194    i.prvDeleteTCB      tasks.o
    0x080038ce   0x080038ce   0x00000002   PAD
    0x080038d0   0x080038d0   0x00000028   Code   RO         4553    i.prvGetNextExpireTime  timers.o
    0x080038f8   0x080038f8   0x0000007c   Code   RO         5152    i.prvHeapInit       heap_4.o
    0x08003974   0x08003974   0x00000028   Code   RO         4195    i.prvIdleTask       tasks.o
    0x0800399c   0x0800399c   0x0000002a   Code   RO         3788    i.prvInitialiseNewQueue  queue.o
    0x080039c6   0x080039c6   0x000000b4   Code   RO         4196    i.prvInitialiseNewTask  tasks.o
    0x08003a7a   0x08003a7a   0x00000002   PAD
    0x08003a7c   0x08003a7c   0x00000068   Code   RO         4197    i.prvInitialiseTaskLists  tasks.o
    0x08003ae4   0x08003ae4   0x00000068   Code   RO         5153    i.prvInsertBlockIntoFreeList  heap_4.o
    0x08003b4c   0x08003b4c   0x00000058   Code   RO         4555    i.prvInsertTimerInActiveList  timers.o
    0x08003ba4   0x08003ba4   0x0000001a   Code   RO         3789    i.prvIsQueueEmpty   queue.o
    0x08003bbe   0x08003bbe   0x0000001e   Code   RO         3790    i.prvIsQueueFull    queue.o
    0x08003bdc   0x08003bdc   0x00000064   Code   RO         4556    i.prvProcessExpiredTimer  timers.o
    0x08003c40   0x08003c40   0x00000128   Code   RO         4557    i.prvProcessReceivedCommands  timers.o
    0x08003d68   0x08003d68   0x00000074   Code   RO         4558    i.prvProcessTimerOrBlockTask  timers.o
    0x08003ddc   0x08003ddc   0x00000034   Code   RO         4199    i.prvResetNextTaskUnblockTime  tasks.o
    0x08003e10   0x08003e10   0x0000002c   Code   RO         4559    i.prvSampleTimeNow  timers.o
    0x08003e3c   0x08003e3c   0x000000a0   Code   RO         4560    i.prvSwitchTimerLists  timers.o
    0x08003edc   0x08003edc   0x00000040   Code   RO         5203    i.prvTaskExitError  port.o
    0x08003f1c   0x08003f1c   0x0000001a   Code   RO         4561    i.prvTimerTask      timers.o
    0x08003f36   0x08003f36   0x0000007e   Code   RO         3791    i.prvUnlockQueue    queue.o
    0x08003fb4   0x08003fb4   0x0000015c   Code   RO          624    i.putCfgDataScreen  task02.o
    0x08004110   0x08004110   0x0000013c   Code   RO         5154    i.pvPortMalloc      heap_4.o
    0x0800424c   0x0800424c   0x00000024   Code   RO         5204    i.pxPortInitialiseStack  port.o
    0x08004270   0x08004270   0x00000048   Code   RO          692    i.runLEDFlash       task03.o
    0x080042b8   0x080042b8   0x0000004c   Code   RO          521    i.runningStateMachine  task01.o
    0x08004304   0x08004304   0x0000000c   Code   RO          625    i.setBeepState      task02.o
    0x08004310   0x08004310   0x00000080   Code   RO          522    i.setOutputEnable   task01.o
    0x08004390   0x08004390   0x00000080   Code   RO          523    i.setPowerEnable    task01.o
    0x08004410   0x08004410   0x0000000c   Code   RO          693    i.setTimeState      task03.o
    0x0800441c   0x0800441c   0x0000000c   Code   RO          694    i.setTimeVal        task03.o
    0x08004428   0x08004428   0x0000003c   Code   RO          695    i.timeRunner        task03.o
    0x08004464   0x08004464   0x00000028   Code   RO         3744    i.uxListRemove      list.o
    0x0800448c   0x0800448c   0x00000018   Code   RO         4782    i.vApplicationGetIdleTaskMemory  cmsis_os2.o
    0x080044a4   0x080044a4   0x00000018   Code   RO         4783    i.vApplicationGetTimerTaskMemory  cmsis_os2.o
    0x080044bc   0x080044bc   0x0000001a   Code   RO         3745    i.vListInitialise   list.o
    0x080044d6   0x080044d6   0x00000006   Code   RO         3746    i.vListInitialiseItem  list.o
    0x080044dc   0x080044dc   0x00000034   Code   RO         3747    i.vListInsert       list.o
    0x08004510   0x08004510   0x00000018   Code   RO         3748    i.vListInsertEnd    list.o
    0x08004528   0x08004528   0x00000054   Code   RO         5206    i.vPortEnterCritical  port.o
    0x0800457c   0x0800457c   0x0000003c   Code   RO         5207    i.vPortExitCritical  port.o
    0x080045b8   0x080045b8   0x00000094   Code   RO         5155    i.vPortFree         heap_4.o
    0x0800464c   0x0800464c   0x00000028   Code   RO         5208    i.vPortSetupTimerInterrupt  port.o
    0x08004674   0x08004674   0x00000078   Code   RO         5209    i.vPortValidateInterruptPriority  port.o
    0x080046ec   0x080046ec   0x0000002c   Code   RO         3797    i.vQueueAddToRegistry  queue.o
    0x08004718   0x08004718   0x0000004a   Code   RO         3801    i.vQueueWaitForMessageRestricted  queue.o
    0x08004762   0x08004762   0x00000002   PAD
    0x08004764   0x08004764   0x0000005c   Code   RO         4211    i.vTaskDelay        tasks.o
    0x080047c0   0x080047c0   0x00000018   Code   RO         4216    i.vTaskInternalSetTimeOutState  tasks.o
    0x080047d8   0x080047d8   0x0000000c   Code   RO         4217    i.vTaskMissedYield  tasks.o
    0x080047e4   0x080047e4   0x00000038   Code   RO         4219    i.vTaskPlaceOnEventList  tasks.o
    0x0800481c   0x0800481c   0x00000040   Code   RO         4220    i.vTaskPlaceOnEventListRestricted  tasks.o
    0x0800485c   0x0800485c   0x000000b8   Code   RO         4228    i.vTaskStartScheduler  tasks.o
    0x08004914   0x08004914   0x00000010   Code   RO         4230    i.vTaskSuspendAll   tasks.o
    0x08004924   0x08004924   0x00000090   Code   RO         4231    i.vTaskSwitchContext  tasks.o
    0x080049b4   0x080049b4   0x000000f8   Code   RO         5210    i.xPortStartScheduler  port.o
    0x08004aac   0x08004aac   0x000000de   Code   RO         3807    i.xQueueGenericCreateStatic  queue.o
    0x08004b8a   0x08004b8a   0x00000002   PAD
    0x08004b8c   0x08004b8c   0x00000098   Code   RO         3808    i.xQueueGenericReset  queue.o
    0x08004c24   0x08004c24   0x000001a8   Code   RO         3809    i.xQueueGenericSend  queue.o
    0x08004dcc   0x08004dcc   0x000000f8   Code   RO         3810    i.xQueueGenericSendFromISR  queue.o
    0x08004ec4   0x08004ec4   0x00000168   Code   RO         3819    i.xQueueReceive     queue.o
    0x0800502c   0x0800502c   0x0000008c   Code   RO         4232    i.xTaskCheckForTimeOut  tasks.o
    0x080050b8   0x080050b8   0x00000064   Code   RO         4233    i.xTaskCreate       tasks.o
    0x0800511c   0x0800511c   0x000000b8   Code   RO         4234    i.xTaskCreateStatic  tasks.o
    0x080051d4   0x080051d4   0x00000020   Code   RO         4238    i.xTaskGetSchedulerState  tasks.o
    0x080051f4   0x080051f4   0x0000000c   Code   RO         4239    i.xTaskGetTickCount  tasks.o
    0x08005200   0x08005200   0x00000144   Code   RO         4241    i.xTaskIncrementTick  tasks.o
    0x08005344   0x08005344   0x000000a4   Code   RO         4244    i.xTaskPriorityDisinherit  tasks.o
    0x080053e8   0x080053e8   0x00000098   Code   RO         4246    i.xTaskRemoveFromEventList  tasks.o
    0x08005480   0x08005480   0x00000104   Code   RO         4247    i.xTaskResumeAll    tasks.o
    0x08005584   0x08005584   0x00000078   Code   RO         4568    i.xTimerCreateTimerTask  timers.o
    0x080055fc   0x080055fc   0x00000084   Code   RO         4569    i.xTimerGenericCommand  timers.o
    0x08005680   0x08005680   0x00000090   Data   RO          216    .constdata          freertos.o
    0x08005710   0x08005710   0x00000200   Data   RO          931    .constdata          crc.o
    0x08005910   0x08005910   0x00000018   Data   RO         3581    .constdata          system_stm32f1xx.o
    0x08005928   0x08005928   0x0000001f   Data   RO          217    .conststring        freertos.o
    0x08005947   0x08005947   0x00000001   PAD
    0x08005948   0x08005948   0x00000020   Data   RO         5324    Region$$Table       anon$$obj.o


    Execution Region RW_IRAM1 (Exec base: 0x20000000, Load base: 0x08005968, Size: 0x000020f0, Max: 0x00005000, ABSOLUTE)

    Exec Addr    Load Addr    Size         Type   Attr      Idx    E Section Name        Object

    0x20000000   0x08005968   0x00000010   Data   RW          218    .data               freertos.o
    0x20000010   0x08005978   0x0000000c   Data   RW          525    .data               task01.o
    0x2000001c   0x08005984   0x00000004   Data   RW          627    .data               task02.o
    0x20000020   0x08005988   0x0000000e   Data   RW          696    .data               task03.o
    0x2000002e   0x08005996   0x00000002   PAD
    0x20000030   0x08005998   0x00000009   Data   RW         1283    .data               stm32f1xx_hal.o
    0x20000039   0x080059a1   0x00000003   PAD
    0x2000003c   0x080059a4   0x00000004   Data   RW         3582    .data               system_stm32f1xx.o
    0x20000040   0x080059a8   0x0000003c   Data   RW         4250    .data               tasks.o
    0x2000007c   0x080059e4   0x00000014   Data   RW         4577    .data               timers.o
    0x20000090   0x080059f8   0x00000004   Data   RW         4785    .data               cmsis_os2.o
    0x20000094   0x080059fc   0x00000018   Data   RW         5160    .data               heap_4.o
    0x200000ac   0x08005a14   0x0000000c   Data   RW         5211    .data               port.o
    0x200000b8        -       0x00000030   Zero   RW          296    .bss                adc.o
    0x200000e8        -       0x00000040   Zero   RW          338    .bss                usart.o
    0x20000128        -       0x00000048   Zero   RW          474    .bss                stm32f1xx_hal_timebase_tim.o
    0x20000170        -       0x0000000a   Zero   RW          524    .bss                task01.o
    0x2000017a        -       0x00000202   Zero   RW          626    .bss                task02.o
    0x2000037c        -       0x00000078   Zero   RW          759    .bss                task04.o
    0x200003f4   0x08005a20   0x00000004   PAD
    0x200003f8        -       0x00000020   Zero   RW         1997    .bss                stm32f1xx_hal_flash.o
    0x20000418        -       0x00000040   Zero   RW         3823    .bss                queue.o
    0x20000458        -       0x000004c4   Zero   RW         4249    .bss                tasks.o
    0x2000091c        -       0x00000118   Zero   RW         4576    .bss                timers.o
    0x20000a34        -       0x000006b8   Zero   RW         4784    .bss                cmsis_os2.o
    0x200010ec        -       0x00000c00   Zero   RW         5159    .bss                heap_4.o
    0x20001cec   0x08005a20   0x00000004   PAD
    0x20001cf0        -       0x00000400   Zero   RW            1    STACK               startup_stm32f103xb.o


==============================================================================

Image component sizes


      Code (inc. data)   RO Data    RW Data    ZI Data      Debug   Object Name

       168         22          0          0         48       1581   adc.o
       474         38          0          4       1720      14914   cmsis_os2.o
        60         10        512          0          0       1169   crc.o
       262         12          0          0          0       2788   dwin.o
         0          0          0          0          0      20144   event_groups.o
       164         48        175         16          0       5977   freertos.o
       208         12          0          0          0        931   gpio.o
       692         62          0         24       3072       4635   heap_4.o
       148          0          0          0          0       3386   list.o
       198          6          0          0          0     456268   main.o
       854         78          0         12          0      10825   port.o
      1914         20          0          0         64      16656   queue.o
        36          8        236          0       1024        796   startup_stm32f103xb.o
        76         20          0          9          0       4602   stm32f1xx_hal.o
      1634         62          0          0          0       6963   stm32f1xx_hal_adc.o
       252         22          0          0          0      28638   stm32f1xx_hal_cortex.o
       176          4          0          0          0       1075   stm32f1xx_hal_dma.o
       520         48          0          0         32       4122   stm32f1xx_hal_flash.o
       256         26          0          0          0       2527   stm32f1xx_hal_flash_ex.o
       812         34          0          0          0       2656   stm32f1xx_hal_gpio.o
        96         10          0          0          0        882   stm32f1xx_hal_msp.o
      1852        120          0          0          0       6569   stm32f1xx_hal_rcc.o
       584         46          0          0          0       2385   stm32f1xx_hal_rcc_ex.o
       754         26          0          0          0       6066   stm32f1xx_hal_tim.o
         4          0          0          0          0       1501   stm32f1xx_hal_tim_ex.o
       136         18          0          0         72       1447   stm32f1xx_hal_timebase_tim.o
      1370         10          0          0          0       9263   stm32f1xx_hal_uart.o
        58         12          0          0          0       3499   stm32f1xx_it.o
         0          0          0          0          0       8888   stream_buffer.o
         2          0         24          4          0       1103   system_stm32f1xx.o
      1440        156          0         12         10       8394   task01.o
      1108         56          0          4        514       4830   task02.o
       192         40          0         14          0       2844   task03.o
       312         40          0          0        120       4887   task04.o
      2796        346          0         60       1220      23510   tasks.o
      1238        124          0         20        280      26523   timers.o
       208         24          0          0         64       1638   usart.o

    ----------------------------------------------------------------------
     21072       1560        980        184       8248     704882   Object Totals
         0          0         32          0          0          0   (incl. Generated)
        18          0          1          5          8          0   (incl. Padding)

    ----------------------------------------------------------------------

      Code (inc. data)   RO Data    RW Data    ZI Data      Debug   Library Member Name

         0          0          0          0          0          0   entry.o
         0          0          0          0          0          0   entry10a.o
         0          0          0          0          0          0   entry11a.o
         4          0          0          0          0          0   entry12b.o
         8          4          0          0          0          0   entry2.o
         4          0          0          0          0          0   entry5.o
         0          0          0          0          0          0   entry7b.o
         0          0          0          0          0          0   entry8b.o
         8          4          0          0          0          0   entry9a.o
        30          0          0          0          0          0   handlers.o
        36          8          0          0          0         68   init.o
         0          0          0          0          0          0   iusefp.o
        30          0          0          0          0         68   llshl.o
        32          0          0          0          0         68   llushr.o
        36          0          0          0          0         68   memcpya.o
        36          0          0          0          0        108   memseta.o
       186          0          0          0          0        176   depilogue.o
        50          0          0          0          0         76   dfixui.o
        26          0          0          0          0         76   dfltui.o
       228          0          0          0          0         96   dmul.o
       110          0          0          0          0        168   fepilogue.o
        10          0          0          0          0         68   ffltui.o

    ----------------------------------------------------------------------
       836         16          0          0          0       1040   Library Totals
         2          0          0          0          0          0   (incl. Padding)

    ----------------------------------------------------------------------

      Code (inc. data)   RO Data    RW Data    ZI Data      Debug   Library Name

       224         16          0          0          0        380   mc_w.l
       610          0          0          0          0        660   mf_w.l

    ----------------------------------------------------------------------
       836         16          0          0          0       1040   Library Totals

    ----------------------------------------------------------------------

==============================================================================


      Code (inc. data)   RO Data    RW Data    ZI Data      Debug   

     21908       1576        980        184       8248     695310   Grand Totals
     21908       1576        980        184       8248     695310   ELF Image Totals
     21908       1576        980        184          0          0   ROM Totals

==============================================================================

    Total RO  Size (Code + RO Data)                22888 (  22.35kB)
    Total RW  Size (RW Data + ZI Data)              8432 (   8.23kB)
    Total ROM Size (Code + RO Data + RW Data)      23072 (  22.53kB)

==============================================================================

